Archive member included to satisfy reference by file (symbol)

E:/CLionProjects/Demo_111/Components/algorithm/\libAHRS.a(ahrs.o)
                              CMakeFiles/Sentinel_Chassis.elf.dir/Tasks/sensor/INS_task/INS_task.c.obj (AHRS_init)
E:/CLionProjects/Demo_111/Components/algorithm/\libarm_cortexM4lf_math.a(arm_mat_trans_f32.o)
                              CMakeFiles/Sentinel_Chassis.elf.dir/Components/algorithm/kalman_filter.c.obj (arm_mat_trans_f32)
E:/CLionProjects/Demo_111/Components/algorithm/\libarm_cortexM4lf_math.a(arm_mat_sub_f32.o)
                              CMakeFiles/Sentinel_Chassis.elf.dir/Components/algorithm/kalman_filter.c.obj (arm_mat_sub_f32)
E:/CLionProjects/Demo_111/Components/algorithm/\libarm_cortexM4lf_math.a(arm_mat_mult_f32.o)
                              CMakeFiles/Sentinel_Chassis.elf.dir/Components/algorithm/kalman_filter.c.obj (arm_mat_mult_f32)
E:/CLionProjects/Demo_111/Components/algorithm/\libarm_cortexM4lf_math.a(arm_mat_inverse_f32.o)
                              CMakeFiles/Sentinel_Chassis.elf.dir/Components/algorithm/kalman_filter.c.obj (arm_mat_inverse_f32)
E:/CLionProjects/Demo_111/Components/algorithm/\libarm_cortexM4lf_math.a(arm_mat_init_f32.o)
                              CMakeFiles/Sentinel_Chassis.elf.dir/Components/algorithm/kalman_filter.c.obj (arm_mat_init_f32)
E:/CLionProjects/Demo_111/Components/algorithm/\libarm_cortexM4lf_math.a(arm_mat_add_f32.o)
                              CMakeFiles/Sentinel_Chassis.elf.dir/Components/algorithm/kalman_filter.c.obj (arm_mat_add_f32)
E:/CLionProjects/Demo_111/Components/algorithm/\libarm_cortexM4lf_math.a(arm_sin_f32.o)
                              CMakeFiles/Sentinel_Chassis.elf.dir/Components/algorithm/ahrs_middleware.c.obj (arm_sin_f32)
E:/CLionProjects/Demo_111/Components/algorithm/\libarm_cortexM4lf_math.a(arm_cos_f32.o)
                              CMakeFiles/Sentinel_Chassis.elf.dir/Components/algorithm/ahrs_middleware.c.obj (arm_cos_f32)
E:/CLionProjects/Demo_111/Components/algorithm/\libarm_cortexM4lf_math.a(arm_common_tables.o)
                              E:/CLionProjects/Demo_111/Components/algorithm/\libarm_cortexM4lf_math.a(arm_sin_f32.o) (sinTable_f32)
c:/msys64/mingw64/bin/../lib/gcc/arm-none-eabi/10.1.0/thumb/v7e-m+fp/hard\libgcc.a(_arm_addsubdf3.o)
                              CMakeFiles/Sentinel_Chassis.elf.dir/Core/Src/freertos.c.obj (__aeabi_f2d)
c:/msys64/mingw64/bin/../lib/gcc/arm-none-eabi/10.1.0/thumb/v7e-m+fp/hard\libgcc.a(_aeabi_uldivmod.o)
                              CMakeFiles/Sentinel_Chassis.elf.dir/Drivers/STM32F4xx_HAL_Driver/Src/stm32f4xx_hal_rcc.c.obj (__aeabi_uldivmod)
c:/msys64/mingw64/bin/../lib/gcc/arm-none-eabi/10.1.0/thumb/v7e-m+fp/hard\libgcc.a(_udivmoddi4.o)
                              c:/msys64/mingw64/bin/../lib/gcc/arm-none-eabi/10.1.0/thumb/v7e-m+fp/hard\libgcc.a(_aeabi_uldivmod.o) (__udivmoddi4)
c:/msys64/mingw64/bin/../lib/gcc/arm-none-eabi/10.1.0/thumb/v7e-m+fp/hard\libgcc.a(_dvmd_tls.o)
                              c:/msys64/mingw64/bin/../lib/gcc/arm-none-eabi/10.1.0/thumb/v7e-m+fp/hard\libgcc.a(_aeabi_uldivmod.o) (__aeabi_ldiv0)
c:/msys64/mingw64/bin/../lib/gcc/arm-none-eabi/10.1.0/../../../../arm-none-eabi/lib/thumb/v7e-m+fp/hard\libg.a(lib_a-aeabi_memclr.o)
                              E:/CLionProjects/Demo_111/Components/algorithm/\libAHRS.a(ahrs.o) (__aeabi_memclr4)
c:/msys64/mingw64/bin/../lib/gcc/arm-none-eabi/10.1.0/../../../../arm-none-eabi/lib/thumb/v7e-m+fp/hard\libg.a(lib_a-aeabi_memset-soft.o)
                              c:/msys64/mingw64/bin/../lib/gcc/arm-none-eabi/10.1.0/../../../../arm-none-eabi/lib/thumb/v7e-m+fp/hard\libg.a(lib_a-aeabi_memclr.o) (__aeabi_memset)
c:/msys64/mingw64/bin/../lib/gcc/arm-none-eabi/10.1.0/../../../../arm-none-eabi/lib/thumb/v7e-m+fp/hard\libg.a(lib_a-atexit.o)
                              c:/msys64/mingw64/bin/../lib/gcc/arm-none-eabi/10.1.0/../../../../arm-none-eabi/lib/thumb/v7e-m+fp/hard/crt0.o (atexit)
c:/msys64/mingw64/bin/../lib/gcc/arm-none-eabi/10.1.0/../../../../arm-none-eabi/lib/thumb/v7e-m+fp/hard\libg.a(lib_a-errno.o)
                              CMakeFiles/Sentinel_Chassis.elf.dir/Core/Src/syscalls.c.obj (__errno)
c:/msys64/mingw64/bin/../lib/gcc/arm-none-eabi/10.1.0/../../../../arm-none-eabi/lib/thumb/v7e-m+fp/hard\libg.a(lib_a-exit.o)
                              c:/msys64/mingw64/bin/../lib/gcc/arm-none-eabi/10.1.0/../../../../arm-none-eabi/lib/thumb/v7e-m+fp/hard/crt0.o (exit)
c:/msys64/mingw64/bin/../lib/gcc/arm-none-eabi/10.1.0/../../../../arm-none-eabi/lib/thumb/v7e-m+fp/hard\libg.a(lib_a-fini.o)
                              c:/msys64/mingw64/bin/../lib/gcc/arm-none-eabi/10.1.0/../../../../arm-none-eabi/lib/thumb/v7e-m+fp/hard/crt0.o (__libc_fini_array)
c:/msys64/mingw64/bin/../lib/gcc/arm-none-eabi/10.1.0/../../../../arm-none-eabi/lib/thumb/v7e-m+fp/hard\libg.a(lib_a-impure.o)
[...]
Memory Configuration

Name             Origin             Length             Attributes
CCMRAM           0x0000000010000000 0x0000000000010000 xrw
RAM              0x0000000020000000 0x0000000000020000 xrw
FLASH            0x0000000008000000 0x0000000000100000 xr
*default*        0x0000000000000000 0xffffffffffffffff

Linker script and memory map

LOAD c:/msys64/mingw64/bin/../lib/gcc/arm-none-eabi/10.1.0/thumb/v7e-m+fp/hard/crti.o
LOAD c:/msys64/mingw64/bin/../lib/gcc/arm-none-eabi/10.1.0/thumb/v7e-m+fp/hard/crtbegin.o
LOAD c:/msys64/mingw64/bin/../lib/gcc/arm-none-eabi/10.1.0/../../../../arm-none-eabi/lib/thumb/v7e-m+fp/hard/crt0.o
LOAD CMakeFiles/Sentinel_Chassis.elf.dir/Bsp/CAN_receive.c.obj
LOAD CMakeFiles/Sentinel_Chassis.elf.dir/Bsp/bsp_adc.c.obj
LOAD CMakeFiles/Sentinel_Chassis.elf.dir/Bsp/bsp_buzzer.c.obj
LOAD CMakeFiles/Sentinel_Chassis.elf.dir/Bsp/bsp_can.c.obj
LOAD CMakeFiles/Sentinel_Chassis.elf.dir/Bsp/bsp_crc32.c.obj
LOAD CMakeFiles/Sentinel_Chassis.elf.dir/Bsp/bsp_delay.c.obj
LOAD CMakeFiles/Sentinel_Chassis.elf.dir/Bsp/bsp_encoder.c.obj
LOAD CMakeFiles/Sentinel_Chassis.elf.dir/Bsp/bsp_flash.c.obj
LOAD CMakeFiles/Sentinel_Chassis.elf.dir/Bsp/bsp_i2c.c.obj
LOAD CMakeFiles/Sentinel_Chassis.elf.dir/Bsp/bsp_imu_pwm.c.obj
LOAD CMakeFiles/Sentinel_Chassis.elf.dir/Bsp/bsp_laser.c.obj
LOAD CMakeFiles/Sentinel_Chassis.elf.dir/Bsp/bsp_led.c.obj
LOAD CMakeFiles/Sentinel_Chassis.elf.dir/Bsp/bsp_rc.c.obj
LOAD CMakeFiles/Sentinel_Chassis.elf.dir/Bsp/bsp_rng.c.obj
LOAD CMakeFiles/Sentinel_Chassis.elf.dir/Bsp/bsp_spi.c.obj
LOAD CMakeFiles/Sentinel_Chassis.elf.dir/Bsp/bsp_usart.c.obj
LOAD CMakeFiles/Sentinel_Chassis.elf.dir/Bsp/remote_control.c.obj
LOAD CMakeFiles/Sentinel_Chassis.elf.dir/Components/algorithm/ahrs_middleware.c.obj
LOAD CMakeFiles/Sentinel_Chassis.elf.dir/Components/algorithm/kalman_filter.c.obj
LOAD CMakeFiles/Sentinel_Chassis.elf.dir/Components/algorithm/user_lib.c.obj
LOAD CMakeFiles/Sentinel_Chassis.elf.dir/Components/controller/pid.c.obj
LOAD CMakeFiles/Sentinel_Chassis.elf.dir/Components/devices/bmi088driver.c.obj
LOAD CMakeFiles/Sentinel_Chassis.elf.dir/Components/devices/bmi088middleware.c.obj
LOAD CMakeFiles/Sentinel_Chassis.elf.dir/Components/devices/ist8310driver.c.obj
LOAD CMakeFiles/Sentinel_Chassis.elf.dir/Components/devices/ist8310driver_middleware.c.obj
LOAD CMakeFiles/Sentinel_Chassis.elf.dir/Components/support/cpu_utils.c.obj
LOAD CMakeFiles/Sentinel_Chassis.elf.dir/Components/support/crc8_crc16.c.obj
LOAD CMakeFiles/Sentinel_Chassis.elf.dir/Components/support/fifo.c.obj
LOAD CMakeFiles/Sentinel_Chassis.elf.dir/Components/support/mem_mang4.c.obj
LOAD CMakeFiles/Sentinel_Chassis.elf.dir/Core/Src/adc.c.obj
LOAD CMakeFiles/Sentinel_Chassis.elf.dir/Core/Src/can.c.obj
LOAD CMakeFiles/Sentinel_Chassis.elf.dir/Core/Src/crc.c.obj
LOAD CMakeFiles/Sentinel_Chassis.elf.dir/Core/Src/dma.c.obj
LOAD CMakeFiles/Sentinel_Chassis.elf.dir/Core/Src/freertos.c.obj
LOAD CMakeFiles/Sentinel_Chassis.elf.dir/Core/Src/gpio.c.obj
LOAD CMakeFiles/Sentinel_Chassis.elf.dir/Core/Src/i2c.c.obj
LOAD CMakeFiles/Sentinel_Chassis.elf.dir/Core/Src/iwdg.c.obj
LOAD CMakeFiles/Sentinel_Chassis.elf.dir/Core/Src/main.c.obj
LOAD CMakeFiles/Sentinel_Chassis.elf.dir/Core/Src/rng.c.obj
LOAD CMakeFiles/Sentinel_Chassis.elf.dir/Core/Src/rtc.c.obj
LOAD CMakeFiles/Sentinel_Chassis.elf.dir/Core/Src/spi.c.obj
LOAD CMakeFiles/Sentinel_Chassis.elf.dir/Core/Src/stm32f4xx_hal_msp.c.obj
LOAD CMakeFiles/Sentinel_Chassis.elf.dir/Core/Src/stm32f4xx_hal_timebase_tim.c.obj
LOAD CMakeFiles/Sentinel_Chassis.elf.dir/Core/Src/stm32f4xx_it.c.obj
LOAD CMakeFiles/Sentinel_Chassis.elf.dir/Core/Src/syscalls.c.obj
LOAD CMakeFiles/Sentinel_Chassis.elf.dir/Core/Src/sysmem.c.obj
LOAD CMakeFiles/Sentinel_Chassis.elf.dir/Core/Src/system_stm32f4xx.c.obj
LOAD CMakeFiles/Sentinel_Chassis.elf.dir/Core/Src/tim.c.obj
LOAD CMakeFiles/Sentinel_Chassis.elf.dir/Core/Src/usart.c.obj
LOAD CMakeFiles/Sentinel_Chassis.elf.dir/Core/Startup/startup_stm32f407ighx.s.obj
LOAD CMakeFiles/Sentinel_Chassis.elf.dir/Drivers/STM32F4xx_HAL_Driver/Src/stm32f4xx_hal.c.obj
LOAD CMakeFiles/Sentinel_Chassis.elf.dir/Drivers/STM32F4xx_HAL_Driver/Src/stm32f4xx_hal_adc.c.obj
LOAD CMakeFiles/Sentinel_Chassis.elf.dir/Drivers/STM32F4xx_HAL_Driver/Src/stm32f4xx_hal_adc_ex.c.obj
LOAD CMakeFiles/Sentinel_Chassis.elf.dir/Drivers/STM32F4xx_HAL_Driver/Src/stm32f4xx_hal_can.c.obj
LOAD CMakeFiles/Sentinel_Chassis.elf.dir/Drivers/STM32F4xx_HAL_Driver/Src/stm32f4xx_hal_cortex.c.obj
LOAD CMakeFiles/Sentinel_Chassis.elf.dir/Drivers/STM32F4xx_HAL_Driver/Src/stm32f4xx_hal_crc.c.obj
LOAD CMakeFiles/Sentinel_Chassis.elf.dir/Drivers/STM32F4xx_HAL_Driver/Src/stm32f4xx_hal_dma.c.obj
LOAD CMakeFiles/Sentinel_Chassis.elf.dir/Drivers/STM32F4xx_HAL_Driver/Src/stm32f4xx_hal_dma_ex.c.obj
LOAD CMakeFiles/Sentinel_Chassis.elf.dir/Drivers/STM32F4xx_HAL_Driver/Src/stm32f4xx_hal_exti.c.obj
LOAD CMakeFiles/Sentinel_Chassis.elf.dir/Drivers/STM32F4xx_HAL_Driver/Src/stm32f4xx_hal_flash.c.obj
LOAD CMakeFiles/Sentinel_Chassis.elf.dir/Drivers/STM32F4xx_HAL_Driver/Src/stm32f4xx_hal_flash_ex.c.obj
LOAD CMakeFiles/Sentinel_Chassis.elf.dir/Drivers/STM32F4xx_HAL_Driver/Src/stm32f4xx_hal_flash_ramfunc.c.obj
LOAD CMakeFiles/Sentinel_Chassis.elf.dir/Drivers/STM32F4xx_HAL_Driver/Src/stm32f4xx_hal_gpio.c.obj
LOAD CMakeFiles/Sentinel_Chassis.elf.dir/Drivers/STM32F4xx_HAL_Driver/Src/stm32f4xx_hal_i2c.c.obj
LOAD CMakeFiles/Sentinel_Chassis.elf.dir/Drivers/STM32F4xx_HAL_Driver/Src/stm32f4xx_hal_i2c_ex.c.obj
LOAD CMakeFiles/Sentinel_Chassis.elf.dir/Drivers/STM32F4xx_HAL_Driver/Src/stm32f4xx_hal_iwdg.c.obj
LOAD CMakeFiles/Sentinel_Chassis.elf.dir/Drivers/STM32F4xx_HAL_Driver/Src/stm32f4xx_hal_pcd.c.obj
LOAD CMakeFiles/Sentinel_Chassis.elf.dir/Drivers/STM32F4xx_HAL_Driver/Src/stm32f4xx_hal_pcd_ex.c.obj
LOAD CMakeFiles/Sentinel_Chassis.elf.dir/Drivers/STM32F4xx_HAL_Driver/Src/stm32f4xx_hal_pwr.c.obj
LOAD CMakeFiles/Sentinel_Chassis.elf.dir/Drivers/STM32F4xx_HAL_Driver/Src/stm32f4xx_hal_pwr_ex.c.obj
LOAD CMakeFiles/Sentinel_Chassis.elf.dir/Drivers/STM32F4xx_HAL_Driver/Src/stm32f4xx_hal_rcc.c.obj
LOAD CMakeFiles/Sentinel_Chassis.elf.dir/Drivers/STM32F4xx_HAL_Driver/Src/stm32f4xx_hal_rcc_ex.c.obj
LOAD CMakeFiles/Sentinel_Chassis.elf.dir/Drivers/STM32F4xx_HAL_Driver/Src/stm32f4xx_hal_rng.c.obj
LOAD CMakeFiles/Sentinel_Chassis.elf.dir/Drivers/STM32F4xx_HAL_Driver/Src/stm32f4xx_hal_rtc.c.obj
LOAD CMakeFiles/Sentinel_Chassis.elf.dir/Drivers/STM32F4xx_HAL_Driver/Src/stm32f4xx_hal_rtc_ex.c.obj
LOAD CMakeFiles/Sentinel_Chassis.elf.dir/Drivers/STM32F4xx_HAL_Driver/Src/stm32f4xx_hal_spi.c.obj
LOAD CMakeFiles/Sentinel_Chassis.elf.dir/Drivers/STM32F4xx_HAL_Driver/Src/stm32f4xx_hal_tim.c.obj
LOAD CMakeFiles/Sentinel_Chassis.elf.dir/Drivers/STM32F4xx_HAL_Driver/Src/stm32f4xx_hal_tim_ex.c.obj
LOAD CMakeFiles/Sentinel_Chassis.elf.dir/Drivers/STM32F4xx_HAL_Driver/Src/stm32f4xx_hal_uart.c.obj
LOAD CMakeFiles/Sentinel_Chassis.elf.dir/Drivers/STM32F4xx_HAL_Driver/Src/stm32f4xx_ll_adc.c.obj
LOAD CMakeFiles/Sentinel_Chassis.elf.dir/Drivers/STM32F4xx_HAL_Driver/Src/stm32f4xx_ll_usb.c.obj
LOAD CMakeFiles/Sentinel_Chassis.elf.dir/Middlewares/ST/STM32_USB_Device_Library/Class/CDC/Src/usbd_cdc.c.obj
LOAD CMakeFiles/Sentinel_Chassis.elf.dir/Middlewares/ST/STM32_USB_Device_Library/Core/Src/usbd_core.c.obj
LOAD CMakeFiles/Sentinel_Chassis.elf.dir/Middlewares/ST/STM32_USB_Device_Library/Core/Src/usbd_ctlreq.c.obj
LOAD CMakeFiles/Sentinel_Chassis.elf.dir/Middlewares/ST/STM32_USB_Device_Library/Core/Src/usbd_ioreq.c.obj
LOAD CMakeFiles/Sentinel_Chassis.elf.dir/Middlewares/Third_Party/FreeRTOS/Source/CMSIS_RTOS_V2/cmsis_os2.c.obj
LOAD CMakeFiles/Sentinel_Chassis.elf.dir/Middlewares/Third_Party/FreeRTOS/Source/croutine.c.obj
LOAD CMakeFiles/Sentinel_Chassis.elf.dir/Middlewares/Third_Party/FreeRTOS/Source/event_groups.c.obj
LOAD CMakeFiles/Sentinel_Chassis.elf.dir/Middlewares/Third_Party/FreeRTOS/Source/list.c.obj
LOAD CMakeFiles/Sentinel_Chassis.elf.dir/Middlewares/Third_Party/FreeRTOS/Source/portable/GCC/ARM_CM4F/port.c.obj
LOAD CMakeFiles/Sentinel_Chassis.elf.dir/Middlewares/Third_Party/FreeRTOS/Source/portable/MemMang/heap_4.c.obj
LOAD CMakeFiles/Sentinel_Chassis.elf.dir/Middlewares/Third_Party/FreeRTOS/Source/queue.c.obj
LOAD CMakeFiles/Sentinel_Chassis.elf.dir/Middlewares/Third_Party/FreeRTOS/Source/stream_buffer.c.obj
LOAD CMakeFiles/Sentinel_Chassis.elf.dir/Middlewares/Third_Party/FreeRTOS/Source/tasks.c.obj
LOAD CMakeFiles/Sentinel_Chassis.elf.dir/Middlewares/Third_Party/FreeRTOS/Source/timers.c.obj
LOAD CMakeFiles/Sentinel_Chassis.elf.dir/Tasks/application/calibrate_task/calibrate_task.c.obj
LOAD CMakeFiles/Sentinel_Chassis.elf.dir/Tasks/application/detect_task/detect_task.c.obj
LOAD CMakeFiles/Sentinel_Chassis.elf.dir/Tasks/control/buzzer_task/buzzer_task.c.obj
LOAD CMakeFiles/Sentinel_Chassis.elf.dir/Tasks/control/led_flow_task/led_flow_task.c.obj
LOAD CMakeFiles/Sentinel_Chassis.elf.dir/Tasks/control/robot_move_task/robot_move_task.c.obj
LOAD CMakeFiles/Sentinel_Chassis.elf.dir/Tasks/sensor/INS_task/INS_task.c.obj
LOAD CMakeFiles/Sentinel_Chassis.elf.dir/Tasks/sensor/IR_task/IR_task.c.obj
LOAD CMakeFiles/Sentinel_Chassis.elf.dir/Tasks/sensor/battery_voltage_task/battery_voltage_task.c.obj
LOAD CMakeFiles/Sentinel_Chassis.elf.dir/Tasks/sensor/encoder_task/encoder_task.c.obj
LOAD CMakeFiles/Sentinel_Chassis.elf.dir/USB_DEVICE/App/usb_device.c.obj
LOAD CMakeFiles/Sentinel_Chassis.elf.dir/USB_DEVICE/App/usbd_cdc_if.c.obj
LOAD CMakeFiles/Sentinel_Chassis.elf.dir/USB_DEVICE/App/usbd_desc.c.obj
LOAD CMakeFiles/Sentinel_Chassis.elf.dir/USB_DEVICE/Target/usbd_conf.c.obj
LOAD E:/CLionProjects/Demo_111/Components/algorithm/\libAHRS.a
LOAD E:/CLionProjects/Demo_111/Components/algorithm/\libarm_cortexM4lf_math.a
START GROUP
LOAD c:/msys64/mingw64/bin/../lib/gcc/arm-none-eabi/10.1.0/thumb/v7e-m+fp/hard\libgcc.a
LOAD c:/msys64/mingw64/bin/../lib/gcc/arm-none-eabi/10.1.0/../../../../arm-none-eabi/lib/thumb/v7e-m+fp/hard\libg.a
LOAD c:/msys64/mingw64/bin/../lib/gcc/arm-none-eabi/10.1.0/../../../../arm-none-eabi/lib/thumb/v7e-m+fp/hard\libc.a
END GROUP
LOAD c:/msys64/mingw64/bin/../lib/gcc/arm-none-eabi/10.1.0/thumb/v7e-m+fp/hard/crtend.o
LOAD c:/msys64/mingw64/bin/../lib/gcc/arm-none-eabi/10.1.0/thumb/v7e-m+fp/hard/crtn.o
                0x0000000020020000                _estack = (ORIGIN (RAM) + LENGTH (RAM))
                0x0000000000002000                _Min_Heap_Size = 0x2000
                0x0000000000002000                _Min_Stack_Size = 0x2000

.isr_vector     0x0000000008000000      0x188
                0x0000000008000000                . = ALIGN (0x4)
 *(.isr_vector)
 .isr_vector    0x0000000008000000      0x188 CMakeFiles/Sentinel_Chassis.elf.dir/Core/Startup/startup_stm32f407ighx.s.obj
                0x0000000008000000                g_pfnVectors
                0x0000000008000188                . = ALIGN (0x4)

.text           0x00000000080001c0    0x177b4
                0x00000000080001c0                . = ALIGN (0x4)
 *(.text)
 .text          0x00000000080001c0      0x378 c:/msys64/mingw64/bin/../lib/gcc/arm-none-eabi/10.1.0/thumb/v7e-m+fp/hard\libgcc.a(_arm_addsubdf3.o)
                0x00000000080001c0                __aeabi_drsub
                0x00000000080001c8                __aeabi_dsub
                0x00000000080001c8                __subdf3
                0x00000000080001cc                __aeabi_dadd
                0x00000000080001cc                __adddf3
                0x0000000008000444                __floatunsidf
                0x0000000008000444                __aeabi_ui2d
                0x0000000008000464                __floatsidf
                0x0000000008000464                __aeabi_i2d
                0x0000000008000488                __aeabi_f2d
                0x0000000008000488                __extendsfdf2
                0x00000000080004cc                __floatundidf
                0x00000000080004cc                __aeabi_ul2d
                0x00000000080004dc                __floatdidf
                0x00000000080004dc                __aeabi_l2d
 .text          0x0000000008000538       0x30 c:/msys64/mingw64/bin/../lib/gcc/arm-none-eabi/10.1.0/thumb/v7e-m+fp/hard\libgcc.a(_aeabi_uldivmod.o)
                0x0000000008000538                __aeabi_uldivmod
 .text          0x0000000008000568        0x4 c:/msys64/mingw64/bin/../lib/gcc/arm-none-eabi/10.1.0/thumb/v7e-m+fp/hard\libgcc.a(_dvmd_tls.o)
                0x0000000008000568                __aeabi_idiv0
                0x0000000008000568                __aeabi_ldiv0
 .text          0x000000000800056c        0x8 c:/msys64/mingw64/bin/../lib/gcc/arm-none-eabi/10.1.0/../../../../arm-none-eabi/lib/thumb/v7e-m+fp/hard\libg.a(lib_a-aeabi_memclr.o)
                0x000000000800056c                __aeabi_memclr
                0x000000000800056c                __aeabi_memclr4
                0x000000000800056c                __aeabi_memclr8
 .text          0x0000000008000574       0x9a c:/msys64/mingw64/bin/../lib/gcc/arm-none-eabi/10.1.0/../../../../arm-none-eabi/lib/thumb/v7e-m+fp/hard\libg.a(lib_a-aeabi_memset-soft.o)
                0x0000000008000574                __aeabi_memset8
                0x0000000008000574                __aeabi_memset4
                0x0000000008000574                __aeabi_memset
 *fill*         0x000000000800060e        0x2 
 .text          0x0000000008000610        0xc c:/msys64/mingw64/bin/../lib/gcc/arm-none-eabi/10.1.0/../../../../arm-none-eabi/lib/thumb/v7e-m+fp/hard\libg.a(lib_a-atexit.o)
                0x0000000008000610                atexit
 .text          0x000000000800061c        0xc c:/msys64/mingw64/bin/../lib/gcc/arm-none-eabi/10.1.0/../../../../arm-none-eabi/lib/thumb/v7e-m+fp/hard\libg.a(lib_a-errno.o)
                0x000000000800061c                __errno
 .text          0x0000000008000628       0x2c c:/msys64/mingw64/bin/../lib/gcc/arm-none-eabi/10.1.0/../../../../arm-none-eabi/lib/thumb/v7e-m+fp/hard\libg.a(lib_a-fini.o)
                0x0000000008000628                __libc_fini_array
 .text          0x0000000008000654       0x48 c:/msys64/mingw64/bin/../lib/gcc/arm-none-eabi/10.1.0/../../../../arm-none-eabi/lib/thumb/v7e-m+fp/hard\libg.a(lib_a-init.o)
                0x0000000008000654                __libc_init_array
 .text          0x000000000800069c      0x570 c:/msys64/mingw64/bin/../lib/gcc/arm-none-eabi/10.1.0/../../../../arm-none-eabi/lib/thumb/v7e-m+fp/hard\libg.a(lib_a-mallocr.o)
                0x000000000800069c                _malloc_r
 .text          0x0000000008000c0c      0x134 c:/msys64/mingw64/bin/../lib/gcc/arm-none-eabi/10.1.0/../../../../arm-none-eabi/lib/thumb/v7e-m+fp/hard\libg.a(lib_a-memcpy.o)
                0x0000000008000c0c                memcpy
 .text          0x0000000008000d40       0xa4 c:/msys64/mingw64/bin/../lib/gcc/arm-none-eabi/10.1.0/../../../../arm-none-eabi/lib/thumb/v7e-m+fp/hard\libg.a(lib_a-memset.o)
                0x0000000008000d40                memset
 .text          0x0000000008000de4       0x18 c:/msys64/mingw64/bin/../lib/gcc/arm-none-eabi/10.1.0/../../../../arm-none-eabi/lib/thumb/v7e-m+fp/hard\libg.a(lib_a-mlock.o)
                0x0000000008000de4                __malloc_lock
                0x0000000008000df0                __malloc_unlock
 .text          0x0000000008000dfc       0xd8 c:/msys64/mingw64/bin/../lib/gcc/arm-none-eabi/10.1.0/../../../../arm-none-eabi/lib/thumb/v7e-m+fp/hard\libg.a(lib_a-reent.o)
                0x0000000008000dfc                cleanup_glue
                0x0000000008000e44                _reclaim_reent
 .text          0x0000000008000ed4       0x24 c:/msys64/mingw64/bin/../lib/gcc/arm-none-eabi/10.1.0/../../../../arm-none-eabi/lib/thumb/v7e-m+fp/hard\libg.a(lib_a-sbrkr.o)
                0x0000000008000ed4                _sbrk_r
 .text          0x0000000008000ef8       0x78 c:/msys64/mingw64/bin/../lib/gcc/arm-none-eabi/10.1.0/../../../../arm-none-eabi/lib/thumb/v7e-m+fp/hard\libg.a(lib_a-sprintf.o)
                0x0000000008000ef8                _sprintf_r
                0x0000000008000f30                sprintf
 *fill*         0x0000000008000f70       0x10 
 .text          0x0000000008000f80       0xdc c:/msys64/mingw64/bin/../lib/gcc/arm-none-eabi/10.1.0/../../../../arm-none-eabi/lib/thumb/v7e-m+fp/hard\libg.a(lib_a-strlen.o)
                0x0000000008000f80                strlen
 *fill*         0x000000000800105c        0x4 
 .text          0x0000000008001060     0x1a58 c:/msys64/mingw64/bin/../lib/gcc/arm-none-eabi/10.1.0/../../../../arm-none-eabi/lib/thumb/v7e-m+fp/hard\libg.a(lib_a-svfprintf.o)
                0x0000000008001060                _svfprintf_r
 .text          0x0000000008002ab8       0x84 c:/msys64/mingw64/bin/../lib/gcc/arm-none-eabi/10.1.0/../../../../arm-none-eabi/lib/thumb/v7e-m+fp/hard\libg.a(lib_a-__atexit.o)
                0x0000000008002ab8                __register_exitproc
 *fill*         0x0000000008002b3c        0x4 
 .text          0x0000000008002b40     0x100c c:/msys64/mingw64/bin/../lib/gcc/arm-none-eabi/10.1.0/../../../../arm-none-eabi/lib/thumb/v7e-m+fp/hard\libg.a(lib_a-dtoa.o)
                0x0000000008002c68                _dtoa_r
 .text          0x0000000008003b4c      0x298 c:/msys64/mingw64/bin/../lib/gcc/arm-none-eabi/10.1.0/../../../../arm-none-eabi/lib/thumb/v7e-m+fp/hard\libg.a(lib_a-freer.o)
                0x0000000008003b4c                _malloc_trim_r
                0x0000000008003bec                _free_r
 .text          0x0000000008003de4       0x14 c:/msys64/mingw64/bin/../lib/gcc/arm-none-eabi/10.1.0/../../../../arm-none-eabi/lib/thumb/v7e-m+fp/hard\libg.a(lib_a-localeconv.o)
                0x0000000008003de4                __localeconv_l
                0x0000000008003de8                _localeconv_r
                0x0000000008003df0                localeconv
 .text          0x0000000008003df8       0x28 c:/msys64/mingw64/bin/../lib/gcc/arm-none-eabi/10.1.0/../../../../arm-none-eabi/lib/thumb/v7e-m+fp/hard\libg.a(lib_a-lock.o)
                0x0000000008003df8                __retarget_lock_init
                0x0000000008003dfc                __retarget_lock_init_recursive
                0x0000000008003e00                __retarget_lock_close
                0x0000000008003e04                __retarget_lock_close_recursive
                0x0000000008003e08                __retarget_lock_acquire
                0x0000000008003e0c                __retarget_lock_acquire_recursive
                0x0000000008003e10                __retarget_lock_try_acquire
                0x0000000008003e14                __retarget_lock_try_acquire_recursive
                0x0000000008003e18                __retarget_lock_release
                0x0000000008003e1c                __retarget_lock_release_recursive
 .text          0x0000000008003e20       0xa0 c:/msys64/mingw64/bin/../lib/gcc/arm-none-eabi/10.1.0/../../../../arm-none-eabi/lib/thumb/v7e-m+fp/hard\libg.a(lib_a-memchr.o)
                0x0000000008003e20                memchr
 .text          0x0000000008003ec0      0xa90 c:/msys64/mingw64/bin/../lib/gcc/arm-none-eabi/10.1.0/../../../../arm-none-eabi/lib/thumb/v7e-m+fp/hard\libg.a(lib_a-mprec.o)
                0x0000000008003ec0                _Balloc
                0x0000000008003f0c                _Bfree
                0x0000000008003f20                __multadd
                0x0000000008003fc8                __s2b
                0x000000000800407c                __hi0bits
                0x00000000080040bc                __lo0bits
                0x000000000800411c                __i2b
                0x0000000008004178                __multiply
                0x00000000080042d0                __pow5mult
                0x0000000008004390                __lshift
                0x0000000008004480                __mcmp
                0x00000000080044c4                __mdiff
                0x0000000008004610                __ulp
                0x0000000008004670                __b2d
                0x0000000008004728                __d2b
                0x00000000080047f8                __ratio
                0x0000000008004854                _mprec_log10
                0x0000000008004894                __copybits
                0x00000000080048f0                __any_on
 .text          0x0000000008004950       0x6c c:/msys64/mingw64/bin/../lib/gcc/arm-none-eabi/10.1.0/../../../../arm-none-eabi/lib/thumb/v7e-m+fp/hard\libg.a(lib_a-s_frexp.o)
                0x0000000008004950                frexp
 .text          0x00000000080049bc       0x64 c:/msys64/mingw64/bin/../lib/gcc/arm-none-eabi/10.1.0/../../../../arm-none-eabi/lib/thumb/v7e-m+fp/hard\libg.a(lib_a-strncpy.o)
                0x00000000080049bc                strncpy
 .text          0x0000000008004a20      0xc8c c:/msys64/mingw64/bin/../lib/gcc/arm-none-eabi/10.1.0/../../../../arm-none-eabi/lib/thumb/v7e-m+fp/hard\libg.a(lib_a-svfiprintf.o)
                0x0000000008004a20                __ssprint_r
                0x0000000008004b18                _svfiprintf_r
 .text          0x00000000080056ac       0x4c c:/msys64/mingw64/bin/../lib/gcc/arm-none-eabi/10.1.0/../../../../arm-none-eabi/lib/thumb/v7e-m+fp/hard\libg.a(lib_a-assert.o)
                0x00000000080056ac                __assert_func
                0x00000000080056ec                __assert
 .text          0x00000000080056f8       0x78 c:/msys64/mingw64/bin/../lib/gcc/arm-none-eabi/10.1.0/../../../../arm-none-eabi/lib/thumb/v7e-m+fp/hard\libg.a(lib_a-callocr.o)
                0x00000000080056f8                _calloc_r
 .text          0x0000000008005770       0x44 c:/msys64/mingw64/bin/../lib/gcc/arm-none-eabi/10.1.0/../../../../arm-none-eabi/lib/thumb/v7e-m+fp/hard\libg.a(lib_a-fiprintf.o)
                0x0000000008005770                _fiprintf_r
                0x000000000800578c                fiprintf
 .text          0x00000000080057b4       0x8c c:/msys64/mingw64/bin/../lib/gcc/arm-none-eabi/10.1.0/../../../../arm-none-eabi/lib/thumb/v7e-m+fp/hard\libg.a(lib_a-locale.o)
                0x00000000080057b4                _setlocale_r
                0x00000000080057f4                __locale_mb_cur_max
                0x0000000008005800                setlocale
 .text          0x0000000008005840       0x40 c:/msys64/mingw64/bin/../lib/gcc/arm-none-eabi/10.1.0/../../../../arm-none-eabi/lib/thumb/v7e-m+fp/hard\libg.a(lib_a-mbtowc_r.o)
                0x0000000008005840                _mbtowc_r
                0x0000000008005854                __ascii_mbtowc
 .text          0x0000000008005880       0xf8 c:/msys64/mingw64/bin/../lib/gcc/arm-none-eabi/10.1.0/../../../../arm-none-eabi/lib/thumb/v7e-m+fp/hard\libg.a(lib_a-memmove.o)
                0x0000000008005880                memmove
 .text          0x0000000008005978      0x3fc c:/msys64/mingw64/bin/../lib/gcc/arm-none-eabi/10.1.0/../../../../arm-none-eabi/lib/thumb/v7e-m+fp/hard\libg.a(lib_a-reallocr.o)
                0x0000000008005978                _realloc_r
 *fill*         0x0000000008005d74        0xc 
 .text          0x0000000008005d80      0x2dc c:/msys64/mingw64/bin/../lib/gcc/arm-none-eabi/10.1.0/../../../../arm-none-eabi/lib/thumb/v7e-m+fp/hard\libg.a(lib_a-strcmp.o)
                0x0000000008005d88                strcmp
 .text          0x000000000800605c      0xf58 c:/msys64/mingw64/bin/../lib/gcc/arm-none-eabi/10.1.0/../../../../arm-none-eabi/lib/thumb/v7e-m+fp/hard\libg.a(lib_a-vfiprintf.o)
                0x00000000080060d4                __sprint_r
                0x00000000080060ec                _vfiprintf_r
                0x0000000008006f18                vfiprintf
 .text          0x0000000008006fb4       0x30 c:/msys64/mingw64/bin/../lib/gcc/arm-none-eabi/10.1.0/../../../../arm-none-eabi/lib/thumb/v7e-m+fp/hard\libg.a(lib_a-wctomb_r.o)
                0x0000000008006fb4                _wctomb_r
                0x0000000008006fc8                __ascii_wctomb
 .text          0x0000000008006fe4       0xd4 c:/msys64/mingw64/bin/../lib/gcc/arm-none-eabi/10.1.0/../../../../arm-none-eabi/lib/thumb/v7e-m+fp/hard\libg.a(lib_a-wsetup.o)
                0x0000000008006fe4                __swsetup_r
 .text          0x00000000080070b8       0x10 c:/msys64/mingw64/bin/../lib/gcc/arm-none-eabi/10.1.0/../../../../arm-none-eabi/lib/thumb/v7e-m+fp/hard\libg.a(lib_a-abort.o)
                0x00000000080070b8                abort
 .text          0x00000000080070c8      0x214 c:/msys64/mingw64/bin/../lib/gcc/arm-none-eabi/10.1.0/../../../../arm-none-eabi/lib/thumb/v7e-m+fp/hard\libg.a(lib_a-fflush.o)
                0x00000000080070c8                __sflush_r
                0x000000000800720c                _fflush_r
                0x0000000008007268                fflush
 .text          0x00000000080072dc      0x2d4 c:/msys64/mingw64/bin/../lib/gcc/arm-none-eabi/10.1.0/../../../../arm-none-eabi/lib/thumb/v7e-m+fp/hard\libg.a(lib_a-findfp.o)
                0x00000000080072dc                _cleanup_r
                0x0000000008007320                __sfmoreglue
                0x0000000008007350                _cleanup
                0x0000000008007364                __sinit
                0x0000000008007470                __sfp
                0x0000000008007538                __sfp_lock_acquire
                0x0000000008007544                __sfp_lock_release
                0x0000000008007550                __sinit_lock_acquire
                0x000000000800755c                __sinit_lock_release
                0x0000000008007568                __fp_lock_all
                0x000000000800758c                __fp_unlock_all
 .text          0x00000000080075b0      0x180 c:/msys64/mingw64/bin/../lib/gcc/arm-none-eabi/10.1.0/../../../../arm-none-eabi/lib/thumb/v7e-m+fp/hard\libg.a(lib_a-fputwc.o)
                0x00000000080075b0                __fputwc
                0x0000000008007658                _fputwc_r
                0x00000000080076bc                fputwc
 .text          0x0000000008007730      0x30c c:/msys64/mingw64/bin/../lib/gcc/arm-none-eabi/10.1.0/../../../../arm-none-eabi/lib/thumb/v7e-m+fp/hard\libg.a(lib_a-fvwrite.o)
                0x0000000008007730                __sfvwrite_r
 .text          0x0000000008007a3c       0x88 c:/msys64/mingw64/bin/../lib/gcc/arm-none-eabi/10.1.0/../../../../arm-none-eabi/lib/thumb/v7e-m+fp/hard\libg.a(lib_a-fwalk.o)
                0x0000000008007a3c                _fwalk
                0x0000000008007a7c                _fwalk_reent
 .text          0x0000000008007ac4      0x140 c:/msys64/mingw64/bin/../lib/gcc/arm-none-eabi/10.1.0/../../../../arm-none-eabi/lib/thumb/v7e-m+fp/hard\libg.a(lib_a-makebuf.o)
                0x0000000008007ac4                __smakebuf_r
                0x0000000008007ba4                __swhatbuf_r
 .text          0x0000000008007c04      0x288 c:/msys64/mingw64/bin/../lib/gcc/arm-none-eabi/10.1.0/../../../../arm-none-eabi/lib/thumb/v7e-m+fp/hard\libg.a(lib_a-signal.o)
                0x0000000008007c04                _init_signal_r
                0x0000000008007c34                _signal_r
                0x0000000008007c80                _raise_r
                0x0000000008007cd8                __sigtramp_r
                0x0000000008007d3c                raise
                0x0000000008007d98                signal
                0x0000000008007dec                _init_signal
                0x0000000008007e24                __sigtramp
 .text          0x0000000008007e8c       0x30 c:/msys64/mingw64/bin/../lib/gcc/arm-none-eabi/10.1.0/../../../../arm-none-eabi/lib/thumb/v7e-m+fp/hard\libg.a(lib_a-signalr.o)
                0x0000000008007e8c                _kill_r
                0x0000000008007eb8                _getpid_r
 .text          0x0000000008007ebc       0x94 c:/msys64/mingw64/bin/../lib/gcc/arm-none-eabi/10.1.0/../../../../arm-none-eabi/lib/thumb/v7e-m+fp/hard\libg.a(lib_a-stdio.o)
                0x0000000008007ebc                __sread
                0x0000000008007ee0                __seofread
                0x0000000008007ee4                __swrite
                0x0000000008007f28                __sseek
                0x0000000008007f48                __sclose
 .text          0x0000000008007f50       0xc8 c:/msys64/mingw64/bin/../lib/gcc/arm-none-eabi/10.1.0/../../../../arm-none-eabi/lib/thumb/v7e-m+fp/hard\libg.a(lib_a-wbuf.o)
                0x0000000008007f50                __swbuf_r
                0x0000000008008000                __swbuf
 .text          0x0000000008008018       0x7c c:/msys64/mingw64/bin/../lib/gcc/arm-none-eabi/10.1.0/../../../../arm-none-eabi/lib/thumb/v7e-m+fp/hard\libg.a(lib_a-wcrtomb.o)
                0x0000000008008018                _wcrtomb_r
                0x000000000800804c                wcrtomb
 .text          0x0000000008008094       0x2c c:/msys64/mingw64/bin/../lib/gcc/arm-none-eabi/10.1.0/../../../../arm-none-eabi/lib/thumb/v7e-m+fp/hard\libg.a(lib_a-writer.o)
                0x0000000008008094                _write_r
 .text          0x00000000080080c0       0x24 c:/msys64/mingw64/bin/../lib/gcc/arm-none-eabi/10.1.0/../../../../arm-none-eabi/lib/thumb/v7e-m+fp/hard\libg.a(lib_a-closer.o)
                0x00000000080080c0                _close_r
 .text          0x00000000080080e4       0xe0 c:/msys64/mingw64/bin/../lib/gcc/arm-none-eabi/10.1.0/../../../../arm-none-eabi/lib/thumb/v7e-m+fp/hard\libg.a(lib_a-fclose.o)
                0x00000000080080e4                _fclose_r
                0x00000000080081b4                fclose
 .text          0x00000000080081c4       0x2c c:/msys64/mingw64/bin/../lib/gcc/arm-none-eabi/10.1.0/../../../../arm-none-eabi/lib/thumb/v7e-m+fp/hard\libg.a(lib_a-fstatr.o)
                0x00000000080081c4                _fstat_r
 .text          0x00000000080081f0       0x24 c:/msys64/mingw64/bin/../lib/gcc/arm-none-eabi/10.1.0/../../../../arm-none-eabi/lib/thumb/v7e-m+fp/hard\libg.a(lib_a-isattyr.o)
                0x00000000080081f0                _isatty_r
 .text          0x0000000008008214       0x2c c:/msys64/mingw64/bin/../lib/gcc/arm-none-eabi/10.1.0/../../../../arm-none-eabi/lib/thumb/v7e-m+fp/hard\libg.a(lib_a-lseekr.o)
                0x0000000008008214                _lseek_r
 .text          0x0000000008008240       0x2c c:/msys64/mingw64/bin/../lib/gcc/arm-none-eabi/10.1.0/../../../../arm-none-eabi/lib/thumb/v7e-m+fp/hard\libg.a(lib_a-readr.o)
                0x0000000008008240                _read_r
 .text          0x000000000800826c      0x424 c:/msys64/mingw64/bin/../lib/gcc/arm-none-eabi/10.1.0/thumb/v7e-m+fp/hard\libgcc.a(_arm_muldivdf3.o)
                0x000000000800826c                __aeabi_dmul
                0x000000000800826c                __muldf3
                0x00000000080084c0                __divdf3
                0x00000000080084c0                __aeabi_ddiv
 .text          0x0000000008008690      0x110 c:/msys64/mingw64/bin/../lib/gcc/arm-none-eabi/10.1.0/thumb/v7e-m+fp/hard\libgcc.a(_arm_cmpdf2.o)
                0x0000000008008690                __gtdf2
                0x0000000008008690                __gedf2
                0x0000000008008698                __ltdf2
                0x0000000008008698                __ledf2
                0x00000000080086a0                __nedf2
                0x00000000080086a0                __eqdf2
                0x00000000080086a0                __cmpdf2
                0x000000000800871c                __aeabi_cdrcmple
                0x000000000800872c                __aeabi_cdcmpeq
                0x000000000800872c                __aeabi_cdcmple
                0x000000000800873c                __aeabi_dcmpeq
                0x0000000008008750                __aeabi_dcmplt
                0x0000000008008764                __aeabi_dcmple
                0x0000000008008778                __aeabi_dcmpge
                0x000000000800878c                __aeabi_dcmpgt
 .text          0x00000000080087a0       0x2c c:/msys64/mingw64/bin/../lib/gcc/arm-none-eabi/10.1.0/thumb/v7e-m+fp/hard\libgcc.a(_arm_unorddf2.o)
                0x00000000080087a0                __unorddf2
                0x00000000080087a0                __aeabi_dcmpun
 .text          0x00000000080087cc       0x50 c:/msys64/mingw64/bin/../lib/gcc/arm-none-eabi/10.1.0/thumb/v7e-m+fp/hard\libgcc.a(_arm_fixdfsi.o)
                0x00000000080087cc                __aeabi_d2iz
                0x00000000080087cc                __fixdfsi
 .text          0x000000000800881c       0x58 c:/msys64/mingw64/bin/../lib/gcc/arm-none-eabi/10.1.0/../../../../arm-none-eabi/lib/thumb/v7e-m+fp/hard\libm.a(lib_a-wf_asin.o)
                0x000000000800881c                asinf
 .text          0x0000000008008874        0x4 c:/msys64/mingw64/bin/../lib/gcc/arm-none-eabi/10.1.0/../../../../arm-none-eabi/lib/thumb/v7e-m+fp/hard\libm.a(lib_a-wf_atan2.o)
                0x0000000008008874                atan2f
 .text          0x0000000008008878       0x44 c:/msys64/mingw64/bin/../lib/gcc/arm-none-eabi/10.1.0/../../../../arm-none-eabi/lib/thumb/v7e-m+fp/hard\libm.a(lib_a-wf_sqrt.o)
                0x0000000008008878                sqrtf
 .text          0x00000000080088bc      0x20c c:/msys64/mingw64/bin/../lib/gcc/arm-none-eabi/10.1.0/../../../../arm-none-eabi/lib/thumb/v7e-m+fp/hard\libm.a(lib_a-ef_asin.o)
                0x00000000080088bc                __ieee754_asinf
 .text          0x0000000008008ac8      0x14c c:/msys64/mingw64/bin/../lib/gcc/arm-none-eabi/10.1.0/../../../../arm-none-eabi/lib/thumb/v7e-m+fp/hard\libm.a(lib_a-ef_atan2.o)
                0x0000000008008ac8                __ieee754_atan2f
 .text          0x0000000008008c14        0x8 c:/msys64/mingw64/bin/../lib/gcc/arm-none-eabi/10.1.0/../../../../arm-none-eabi/lib/thumb/v7e-m+fp/hard\libm.a(lib_a-ef_sqrt.o)
                0x0000000008008c14                __ieee754_sqrtf
 .text          0x0000000008008c1c      0x19c c:/msys64/mingw64/bin/../lib/gcc/arm-none-eabi/10.1.0/../../../../arm-none-eabi/lib/thumb/v7e-m+fp/hard\libm.a(lib_a-sf_atan.o)
                0x0000000008008c1c                atanf
 .text          0x0000000008008db8       0x10 c:/msys64/mingw64/bin/../lib/gcc/arm-none-eabi/10.1.0/../../../../arm-none-eabi/lib/thumb/v7e-m+fp/hard\libm.a(lib_a-sf_fabs.o)
                0x0000000008008db8                fabsf
 .text          0x0000000008008dc8        0xc c:/msys64/mingw64/bin/../lib/gcc/arm-none-eabi/10.1.0/../../../../arm-none-eabi/lib/thumb/v7e-m+fp/hard\libm.a(lib_a-sf_nan.o)
                0x0000000008008dc8                nanf
 *(.text*)
 .text.__do_global_dtors_aux
                0x0000000008008dd4       0x24 c:/msys64/mingw64/bin/../lib/gcc/arm-none-eabi/10.1.0/thumb/v7e-m+fp/hard/crtbegin.o
 .text.frame_dummy
                0x0000000008008df8       0x1c c:/msys64/mingw64/bin/../lib/gcc/arm-none-eabi/10.1.0/thumb/v7e-m+fp/hard/crtbegin.o
 .text.HAL_CAN_RxFifo0MsgPendingCallback
                0x0000000008008e14       0xac CMakeFiles/Sentinel_Chassis.elf.dir/Bsp/CAN_receive.c.obj
                0x0000000008008e14                HAL_CAN_RxFifo0MsgPendingCallback
 .text.CAN_cmd_gimbal
                0x0000000008008ec0       0x54 CMakeFiles/Sentinel_Chassis.elf.dir/Bsp/CAN_receive.c.obj
                0x0000000008008ec0                CAN_cmd_gimbal
 .text.CAN_cmd_cgimbal
                0x0000000008008f14       0x54 CMakeFiles/Sentinel_Chassis.elf.dir/Bsp/CAN_receive.c.obj
                0x0000000008008f14                CAN_cmd_cgimbal
 .text.CAN_cmd_chassis
                0x0000000008008f68       0x54 CMakeFiles/Sentinel_Chassis.elf.dir/Bsp/CAN_receive.c.obj
                0x0000000008008f68                CAN_cmd_chassis
 .text.get_yaw_gimbal_motor_measure_point
                0x0000000008008fbc        0x8 CMakeFiles/Sentinel_Chassis.elf.dir/Bsp/CAN_receive.c.obj
                0x0000000008008fbc                get_yaw_gimbal_motor_measure_point
 .text.get_pitch_gimbal_motor_measure_point
                0x0000000008008fc4        0x8 CMakeFiles/Sentinel_Chassis.elf.dir/Bsp/CAN_receive.c.obj
                0x0000000008008fc4                get_pitch_gimbal_motor_measure_point
 .text.get_chassis_motor_measure_point
                0x0000000008008fcc       0x10 CMakeFiles/Sentinel_Chassis.elf.dir/Bsp/CAN_receive.c.obj
                0x0000000008008fcc                get_chassis_motor_measure_point
 .text.can_filter_init
                0x0000000008008fdc       0x5c CMakeFiles/Sentinel_Chassis.elf.dir/Bsp/bsp_can.c.obj
                0x0000000008008fdc                can_filter_init
 .text.delay_init
                0x0000000008009038       0x34 CMakeFiles/Sentinel_Chassis.elf.dir/Bsp/bsp_delay.c.obj
                0x0000000008009038                delay_init
 .text.delay_us
                0x000000000800906c       0x40 CMakeFiles/Sentinel_Chassis.elf.dir/Bsp/bsp_delay.c.obj
                0x000000000800906c                delay_us
 .text.imu_pwm_set
                0x00000000080090ac        0xc CMakeFiles/Sentinel_Chassis.elf.dir/Bsp/bsp_imu_pwm.c.obj
                0x00000000080090ac                imu_pwm_set
 .text.aRGB_led_init
                0x00000000080090b8       0x24 CMakeFiles/Sentinel_Chassis.elf.dir/Bsp/bsp_led.c.obj
                0x00000000080090b8                aRGB_led_init
 .text.aRGB_led_show
                0x00000000080090dc       0x50 CMakeFiles/Sentinel_Chassis.elf.dir/Bsp/bsp_led.c.obj
                0x00000000080090dc                aRGB_led_show
 .text.RC_Init  0x000000000800912c       0x68 CMakeFiles/Sentinel_Chassis.elf.dir/Bsp/bsp_rc.c.obj
                0x000000000800912c                RC_Init
 .text.SPI1_DMA_init
                0x0000000008009194      0x114 CMakeFiles/Sentinel_Chassis.elf.dir/Bsp/bsp_spi.c.obj
                0x0000000008009194                SPI1_DMA_init
 .text.SPI1_DMA_enable
                0x00000000080092a8     0x1d78 CMakeFiles/Sentinel_Chassis.elf.dir/Bsp/bsp_spi.c.obj
                0x00000000080092a8                SPI1_DMA_enable
 .text.sbus_to_rc
                0x000000000800b020       0xc6 CMakeFiles/Sentinel_Chassis.elf.dir/Bsp/remote_control.c.obj
 *fill*         0x000000000800b0e6        0x2 
 .text.remote_control_init
                0x000000000800b0e8       0x14 CMakeFiles/Sentinel_Chassis.elf.dir/Bsp/remote_control.c.obj
                0x000000000800b0e8                remote_control_init
 .text.get_remote_control_point
                0x000000000800b0fc        0x8 CMakeFiles/Sentinel_Chassis.elf.dir/Bsp/remote_control.c.obj
                0x000000000800b0fc                get_remote_control_point
 .text.USART3_IRQHandler
                0x000000000800b104       0xe4 CMakeFiles/Sentinel_Chassis.elf.dir/Bsp/remote_control.c.obj
                0x000000000800b104                USART3_IRQHandler
 .text.AHRS_get_height
                0x000000000800b1e8        0x8 CMakeFiles/Sentinel_Chassis.elf.dir/Components/algorithm/ahrs_middleware.c.obj
                0x000000000800b1e8                AHRS_get_height
 .text.AHRS_get_latitude
                0x000000000800b1f0        0xc CMakeFiles/Sentinel_Chassis.elf.dir/Components/algorithm/ahrs_middleware.c.obj
                0x000000000800b1f0                AHRS_get_latitude
 .text.AHRS_invSqrt
                0x000000000800b1fc       0x10 CMakeFiles/Sentinel_Chassis.elf.dir/Components/algorithm/ahrs_middleware.c.obj
                0x000000000800b1fc                AHRS_invSqrt
 .text.AHRS_sinf
                0x000000000800b20c        0x8 CMakeFiles/Sentinel_Chassis.elf.dir/Components/algorithm/ahrs_middleware.c.obj
                0x000000000800b20c                AHRS_sinf
 .text.AHRS_cosf
                0x000000000800b214        0x8 CMakeFiles/Sentinel_Chassis.elf.dir/Components/algorithm/ahrs_middleware.c.obj
                0x000000000800b214                AHRS_cosf
 .text.AHRS_asinf
                0x000000000800b21c        0x8 CMakeFiles/Sentinel_Chassis.elf.dir/Components/algorithm/ahrs_middleware.c.obj
                0x000000000800b21c                AHRS_asinf
 .text.AHRS_atan2f
                0x000000000800b224        0x8 CMakeFiles/Sentinel_Chassis.elf.dir/Components/algorithm/ahrs_middleware.c.obj
                0x000000000800b224                AHRS_atan2f
 .text.PID_init
                0x000000000800b22c       0x36 CMakeFiles/Sentinel_Chassis.elf.dir/Components/controller/pid.c.obj
                0x000000000800b22c                PID_init
 *fill*         0x000000000800b262        0x2 
 .text.PID_calc
                0x000000000800b264      0x18c CMakeFiles/Sentinel_Chassis.elf.dir/Components/controller/pid.c.obj
                0x000000000800b264                PID_calc
 .text.BMI088_write_single_reg
                0x000000000800b3f0       0x10 CMakeFiles/Sentinel_Chassis.elf.dir/Components/devices/bmi088driver.c.obj
 .text.BMI088_read_single_reg
                0x000000000800b400       0x16 CMakeFiles/Sentinel_Chassis.elf.dir/Components/devices/bmi088driver.c.obj
 .text.BMI088_read_muli_reg
                0x000000000800b416       0x24 CMakeFiles/Sentinel_Chassis.elf.dir/Components/devices/bmi088driver.c.obj
 *fill*         0x000000000800b43a        0x2 
 .text.bmi088_accel_init
                0x000000000800b43c      0x134 CMakeFiles/Sentinel_Chassis.elf.dir/Components/devices/bmi088driver.c.obj
                0x000000000800b43c                bmi088_accel_init
 .text.bmi088_gyro_init
                0x000000000800b570       0xf0 CMakeFiles/Sentinel_Chassis.elf.dir/Components/devices/bmi088driver.c.obj
                0x000000000800b570                bmi088_gyro_init
 .text.bmi088_accel_self_test
                0x000000000800b660      0x308 CMakeFiles/Sentinel_Chassis.elf.dir/Components/devices/bmi088driver.c.obj
                0x000000000800b660                bmi088_accel_self_test
 .text.bmi088_gyro_self_test
                0x000000000800b968       0xd6 CMakeFiles/Sentinel_Chassis.elf.dir/Components/devices/bmi088driver.c.obj
                0x000000000800b968                bmi088_gyro_self_test
 .text.BMI088_init
                0x000000000800ba3e       0x32 CMakeFiles/Sentinel_Chassis.elf.dir/Components/devices/bmi088driver.c.obj
                0x000000000800ba3e                BMI088_init
 .text.BMI088_temperature_read_over
                0x000000000800ba70       0x32 CMakeFiles/Sentinel_Chassis.elf.dir/Components/devices/bmi088driver.c.obj
                0x000000000800ba70                BMI088_temperature_read_over
 *fill*         0x000000000800baa2        0x2 
 .text.BMI088_accel_read_over
                0x000000000800baa4       0x90 CMakeFiles/Sentinel_Chassis.elf.dir/Components/devices/bmi088driver.c.obj
                0x000000000800baa4                BMI088_accel_read_over
 .text.BMI088_gyro_read_over
                0x000000000800bb34       0x64 CMakeFiles/Sentinel_Chassis.elf.dir/Components/devices/bmi088driver.c.obj
                0x000000000800bb34                BMI088_gyro_read_over
 .text.BMI088_read
                0x000000000800bb98      0x17c CMakeFiles/Sentinel_Chassis.elf.dir/Components/devices/bmi088driver.c.obj
                0x000000000800bb98                BMI088_read
 .text.BMI088_GPIO_init
                0x000000000800bd14        0x2 CMakeFiles/Sentinel_Chassis.elf.dir/Components/devices/bmi088middleware.c.obj
                0x000000000800bd14                BMI088_GPIO_init
 .text.BMI088_com_init
                0x000000000800bd16        0x2 CMakeFiles/Sentinel_Chassis.elf.dir/Components/devices/bmi088middleware.c.obj
                0x000000000800bd16                BMI088_com_init
 .text.BMI088_delay_ms
                0x000000000800bd18        0x8 CMakeFiles/Sentinel_Chassis.elf.dir/Components/devices/bmi088middleware.c.obj
                0x000000000800bd18                BMI088_delay_ms
 .text.BMI088_delay_us
                0x000000000800bd20        0x8 CMakeFiles/Sentinel_Chassis.elf.dir/Components/devices/bmi088middleware.c.obj
                0x000000000800bd20                BMI088_delay_us
 .text.BMI088_ACCEL_NS_L
                0x000000000800bd28       0x14 CMakeFiles/Sentinel_Chassis.elf.dir/Components/devices/bmi088middleware.c.obj
                0x000000000800bd28                BMI088_ACCEL_NS_L
 .text.BMI088_ACCEL_NS_H
                0x000000000800bd3c       0x14 CMakeFiles/Sentinel_Chassis.elf.dir/Components/devices/bmi088middleware.c.obj
                0x000000000800bd3c                BMI088_ACCEL_NS_H
 .text.BMI088_GYRO_NS_L
                0x000000000800bd50       0x14 CMakeFiles/Sentinel_Chassis.elf.dir/Components/devices/bmi088middleware.c.obj
                0x000000000800bd50                BMI088_GYRO_NS_L
 .text.BMI088_GYRO_NS_H
                0x000000000800bd64       0x14 CMakeFiles/Sentinel_Chassis.elf.dir/Components/devices/bmi088middleware.c.obj
                0x000000000800bd64                BMI088_GYRO_NS_H
 .text.BMI088_read_write_byte
                0x000000000800bd78       0x2c CMakeFiles/Sentinel_Chassis.elf.dir/Components/devices/bmi088middleware.c.obj
                0x000000000800bd78                BMI088_read_write_byte
 .text.ist8310_init
                0x000000000800bda4       0x80 CMakeFiles/Sentinel_Chassis.elf.dir/Components/devices/ist8310driver.c.obj
                0x000000000800bda4                ist8310_init
 .text.ist8310_GPIO_init
                0x000000000800be24        0x2 CMakeFiles/Sentinel_Chassis.elf.dir/Components/devices/ist8310driver_middleware.c.obj
                0x000000000800be24                ist8310_GPIO_init
 .text.ist8310_com_init
                0x000000000800be26        0x2 CMakeFiles/Sentinel_Chassis.elf.dir/Components/devices/ist8310driver_middleware.c.obj
                0x000000000800be26                ist8310_com_init
 .text.ist8310_IIC_read_single_reg
                0x000000000800be28       0x2c CMakeFiles/Sentinel_Chassis.elf.dir/Components/devices/ist8310driver_middleware.c.obj
                0x000000000800be28                ist8310_IIC_read_single_reg
 .text.ist8310_IIC_write_single_reg
                0x000000000800be54       0x2c CMakeFiles/Sentinel_Chassis.elf.dir/Components/devices/ist8310driver_middleware.c.obj
                0x000000000800be54                ist8310_IIC_write_single_reg
 .text.ist8310_delay_ms
                0x000000000800be80        0x8 CMakeFiles/Sentinel_Chassis.elf.dir/Components/devices/ist8310driver_middleware.c.obj
                0x000000000800be80                ist8310_delay_ms
 .text.ist8310_RST_H
                0x000000000800be88       0x14 CMakeFiles/Sentinel_Chassis.elf.dir/Components/devices/ist8310driver_middleware.c.obj
                0x000000000800be88                ist8310_RST_H
 .text.ist8310_RST_L
                0x000000000800be9c       0x14 CMakeFiles/Sentinel_Chassis.elf.dir/Components/devices/ist8310driver_middleware.c.obj
                0x000000000800be9c                ist8310_RST_L
 .text.MX_ADC1_Init
                0x000000000800beb0       0x70 CMakeFiles/Sentinel_Chassis.elf.dir/Core/Src/adc.c.obj
                0x000000000800beb0                MX_ADC1_Init
 .text.MX_ADC3_Init
                0x000000000800bf20       0x70 CMakeFiles/Sentinel_Chassis.elf.dir/Core/Src/adc.c.obj
                0x000000000800bf20                MX_ADC3_Init
 .text.HAL_ADC_MspInit
                0x000000000800bf90       0x90 CMakeFiles/Sentinel_Chassis.elf.dir/Core/Src/adc.c.obj
                0x000000000800bf90                HAL_ADC_MspInit
 .text.MX_CAN1_Init
                0x000000000800c020       0x40 CMakeFiles/Sentinel_Chassis.elf.dir/Core/Src/can.c.obj
                0x000000000800c020                MX_CAN1_Init
 .text.MX_CAN2_Init
                0x000000000800c060       0x40 CMakeFiles/Sentinel_Chassis.elf.dir/Core/Src/can.c.obj
                0x000000000800c060                MX_CAN2_Init
 .text.HAL_CAN_MspInit
                0x000000000800c0a0      0x120 CMakeFiles/Sentinel_Chassis.elf.dir/Core/Src/can.c.obj
                0x000000000800c0a0                HAL_CAN_MspInit
 .text.MX_CRC_Init
                0x000000000800c1c0       0x20 CMakeFiles/Sentinel_Chassis.elf.dir/Core/Src/crc.c.obj
                0x000000000800c1c0                MX_CRC_Init
 .text.HAL_CRC_MspInit
                0x000000000800c1e0       0x30 CMakeFiles/Sentinel_Chassis.elf.dir/Core/Src/crc.c.obj
                0x000000000800c1e0                HAL_CRC_MspInit
 .text.MX_DMA_Init
                0x000000000800c210       0x98 CMakeFiles/Sentinel_Chassis.elf.dir/Core/Src/dma.c.obj
                0x000000000800c210                MX_DMA_Init
 .text.test_task
                0x000000000800c2a8       0xcc CMakeFiles/Sentinel_Chassis.elf.dir/Core/Src/freertos.c.obj
                0x000000000800c2a8                test_task
 .text.MX_FREERTOS_Init
                0x000000000800c374       0x88 CMakeFiles/Sentinel_Chassis.elf.dir/Core/Src/freertos.c.obj
                0x000000000800c374                MX_FREERTOS_Init
 .text.MX_GPIO_Init
                0x000000000800c3fc      0x1d4 CMakeFiles/Sentinel_Chassis.elf.dir/Core/Src/gpio.c.obj
                0x000000000800c3fc                MX_GPIO_Init
 .text.MX_I2C1_Init
                0x000000000800c5d0       0x3c CMakeFiles/Sentinel_Chassis.elf.dir/Core/Src/i2c.c.obj
                0x000000000800c5d0                MX_I2C1_Init
 .text.MX_I2C2_Init
                0x000000000800c60c       0x3c CMakeFiles/Sentinel_Chassis.elf.dir/Core/Src/i2c.c.obj
                0x000000000800c60c                MX_I2C2_Init
 .text.MX_I2C3_Init
                0x000000000800c648       0x3c CMakeFiles/Sentinel_Chassis.elf.dir/Core/Src/i2c.c.obj
                0x000000000800c648                MX_I2C3_Init
 .text.HAL_I2C_MspInit
                0x000000000800c684      0x160 CMakeFiles/Sentinel_Chassis.elf.dir/Core/Src/i2c.c.obj
                0x000000000800c684                HAL_I2C_MspInit
 .text.MX_IWDG_Init
                0x000000000800c7e4       0x28 CMakeFiles/Sentinel_Chassis.elf.dir/Core/Src/iwdg.c.obj
                0x000000000800c7e4                MX_IWDG_Init
 .text.HAL_TIM_PeriodElapsedCallback
                0x000000000800c80c       0x18 CMakeFiles/Sentinel_Chassis.elf.dir/Core/Src/main.c.obj
                0x000000000800c80c                HAL_TIM_PeriodElapsedCallback
 .text.Error_Handler
                0x000000000800c824        0x4 CMakeFiles/Sentinel_Chassis.elf.dir/Core/Src/main.c.obj
                0x000000000800c824                Error_Handler
 .text.SystemClock_Config
                0x000000000800c828       0xac CMakeFiles/Sentinel_Chassis.elf.dir/Core/Src/main.c.obj
                0x000000000800c828                SystemClock_Config
 .text.main     0x000000000800c8d4       0x7c CMakeFiles/Sentinel_Chassis.elf.dir/Core/Src/main.c.obj
                0x000000000800c8d4                main
 .text.MX_RNG_Init
                0x000000000800c950       0x20 CMakeFiles/Sentinel_Chassis.elf.dir/Core/Src/rng.c.obj
                0x000000000800c950                MX_RNG_Init
 .text.HAL_RNG_MspInit
                0x000000000800c970       0x30 CMakeFiles/Sentinel_Chassis.elf.dir/Core/Src/rng.c.obj
                0x000000000800c970                HAL_RNG_MspInit
 .text.MX_RTC_Init
                0x000000000800c9a0       0x34 CMakeFiles/Sentinel_Chassis.elf.dir/Core/Src/rtc.c.obj
                0x000000000800c9a0                MX_RTC_Init
 .text.HAL_RTC_MspInit
                0x000000000800c9d4       0x48 CMakeFiles/Sentinel_Chassis.elf.dir/Core/Src/rtc.c.obj
                0x000000000800c9d4                HAL_RTC_MspInit
 .text.MX_SPI1_Init
                0x000000000800ca1c       0x48 CMakeFiles/Sentinel_Chassis.elf.dir/Core/Src/spi.c.obj
                0x000000000800ca1c                MX_SPI1_Init
 .text.MX_SPI2_Init
                0x000000000800ca64       0x40 CMakeFiles/Sentinel_Chassis.elf.dir/Core/Src/spi.c.obj
                0x000000000800ca64                MX_SPI2_Init
 .text.HAL_SPI_MspInit
                0x000000000800caa4      0x188 CMakeFiles/Sentinel_Chassis.elf.dir/Core/Src/spi.c.obj
                0x000000000800caa4                HAL_SPI_MspInit
 .text.HAL_MspInit
                0x000000000800cc2c       0x44 CMakeFiles/Sentinel_Chassis.elf.dir/Core/Src/stm32f4xx_hal_msp.c.obj
                0x000000000800cc2c                HAL_MspInit
 .text.HAL_InitTick
                0x000000000800cc70       0x7c CMakeFiles/Sentinel_Chassis.elf.dir/Core/Src/stm32f4xx_hal_timebase_tim.c.obj
                0x000000000800cc70                HAL_InitTick
 .text.NMI_Handler
                0x000000000800ccec        0x2 CMakeFiles/Sentinel_Chassis.elf.dir/Core/Src/stm32f4xx_it.c.obj
                0x000000000800ccec                NMI_Handler
 .text.HardFault_Handler
                0x000000000800ccee        0x2 CMakeFiles/Sentinel_Chassis.elf.dir/Core/Src/stm32f4xx_it.c.obj
                0x000000000800ccee                HardFault_Handler
 .text.MemManage_Handler
                0x000000000800ccf0        0x2 CMakeFiles/Sentinel_Chassis.elf.dir/Core/Src/stm32f4xx_it.c.obj
                0x000000000800ccf0                MemManage_Handler
 .text.BusFault_Handler
                0x000000000800ccf2        0x2 CMakeFiles/Sentinel_Chassis.elf.dir/Core/Src/stm32f4xx_it.c.obj
                0x000000000800ccf2                BusFault_Handler
 .text.UsageFault_Handler
                0x000000000800ccf4        0x2 CMakeFiles/Sentinel_Chassis.elf.dir/Core/Src/stm32f4xx_it.c.obj
                0x000000000800ccf4                UsageFault_Handler
 .text.DebugMon_Handler
                0x000000000800ccf6        0x2 CMakeFiles/Sentinel_Chassis.elf.dir/Core/Src/stm32f4xx_it.c.obj
                0x000000000800ccf6                DebugMon_Handler
 .text.EXTI0_IRQHandler
                0x000000000800ccf8        0xa CMakeFiles/Sentinel_Chassis.elf.dir/Core/Src/stm32f4xx_it.c.obj
                0x000000000800ccf8                EXTI0_IRQHandler
 .text.EXTI3_IRQHandler
                0x000000000800cd02        0xa CMakeFiles/Sentinel_Chassis.elf.dir/Core/Src/stm32f4xx_it.c.obj
                0x000000000800cd02                EXTI3_IRQHandler
 .text.EXTI4_IRQHandler
                0x000000000800cd0c        0xa CMakeFiles/Sentinel_Chassis.elf.dir/Core/Src/stm32f4xx_it.c.obj
                0x000000000800cd0c                EXTI4_IRQHandler
 *fill*         0x000000000800cd16        0x2 
 .text.CAN1_RX0_IRQHandler
                0x000000000800cd18       0x10 CMakeFiles/Sentinel_Chassis.elf.dir/Core/Src/stm32f4xx_it.c.obj
                0x000000000800cd18                CAN1_RX0_IRQHandler
 .text.EXTI9_5_IRQHandler
                0x000000000800cd28        0xa CMakeFiles/Sentinel_Chassis.elf.dir/Core/Src/stm32f4xx_it.c.obj
                0x000000000800cd28                EXTI9_5_IRQHandler
 *fill*         0x000000000800cd32        0x2 
 .text.TIM6_DAC_IRQHandler
                0x000000000800cd34       0x10 CMakeFiles/Sentinel_Chassis.elf.dir/Core/Src/stm32f4xx_it.c.obj
                0x000000000800cd34                TIM6_DAC_IRQHandler
 .text.DMA2_Stream1_IRQHandler
                0x000000000800cd44       0x10 CMakeFiles/Sentinel_Chassis.elf.dir/Core/Src/stm32f4xx_it.c.obj
                0x000000000800cd44                DMA2_Stream1_IRQHandler
 .text.CAN2_RX0_IRQHandler
                0x000000000800cd54       0x10 CMakeFiles/Sentinel_Chassis.elf.dir/Core/Src/stm32f4xx_it.c.obj
                0x000000000800cd54                CAN2_RX0_IRQHandler
 .text.OTG_FS_IRQHandler
                0x000000000800cd64       0x10 CMakeFiles/Sentinel_Chassis.elf.dir/Core/Src/stm32f4xx_it.c.obj
                0x000000000800cd64                OTG_FS_IRQHandler
 .text.DMA2_Stream6_IRQHandler
                0x000000000800cd74       0x10 CMakeFiles/Sentinel_Chassis.elf.dir/Core/Src/stm32f4xx_it.c.obj
                0x000000000800cd74                DMA2_Stream6_IRQHandler
 .text.DMA2_Stream7_IRQHandler
                0x000000000800cd84       0x10 CMakeFiles/Sentinel_Chassis.elf.dir/Core/Src/stm32f4xx_it.c.obj
                0x000000000800cd84                DMA2_Stream7_IRQHandler
 .text._getpid  0x000000000800cd94        0x4 CMakeFiles/Sentinel_Chassis.elf.dir/Core/Src/syscalls.c.obj
                0x000000000800cd94                _getpid
 .text._kill    0x000000000800cd98       0x10 CMakeFiles/Sentinel_Chassis.elf.dir/Core/Src/syscalls.c.obj
                0x000000000800cd98                _kill
 .text._exit    0x000000000800cda8        0xc CMakeFiles/Sentinel_Chassis.elf.dir/Core/Src/syscalls.c.obj
                0x000000000800cda8                _exit
 .text._read    0x000000000800cdb4       0x20 CMakeFiles/Sentinel_Chassis.elf.dir/Core/Src/syscalls.c.obj
                0x000000000800cdb4                _read
 .text._write   0x000000000800cdd4       0x1c CMakeFiles/Sentinel_Chassis.elf.dir/Core/Src/syscalls.c.obj
                0x000000000800cdd4                _write
 .text._close   0x000000000800cdf0        0x6 CMakeFiles/Sentinel_Chassis.elf.dir/Core/Src/syscalls.c.obj
                0x000000000800cdf0                _close
 .text._fstat   0x000000000800cdf6        0xa CMakeFiles/Sentinel_Chassis.elf.dir/Core/Src/syscalls.c.obj
                0x000000000800cdf6                _fstat
 .text._isatty  0x000000000800ce00        0x4 CMakeFiles/Sentinel_Chassis.elf.dir/Core/Src/syscalls.c.obj
                0x000000000800ce00                _isatty
 .text._lseek   0x000000000800ce04        0x4 CMakeFiles/Sentinel_Chassis.elf.dir/Core/Src/syscalls.c.obj
                0x000000000800ce04                _lseek
 .text._sbrk    0x000000000800ce08       0x48 CMakeFiles/Sentinel_Chassis.elf.dir/Core/Src/sysmem.c.obj
                0x000000000800ce08                _sbrk
 .text.SystemInit
                0x000000000800ce50       0x14 CMakeFiles/Sentinel_Chassis.elf.dir/Core/Src/system_stm32f4xx.c.obj
                0x000000000800ce50                SystemInit
 .text.MX_TIM1_Init
                0x000000000800ce64       0x68 CMakeFiles/Sentinel_Chassis.elf.dir/Core/Src/tim.c.obj
                0x000000000800ce64                MX_TIM1_Init
 .text.HAL_TIM_Encoder_MspInit
                0x000000000800cecc       0x6c CMakeFiles/Sentinel_Chassis.elf.dir/Core/Src/tim.c.obj
                0x000000000800cecc                HAL_TIM_Encoder_MspInit
 .text.HAL_TIM_Base_MspInit
                0x000000000800cf38       0x9c CMakeFiles/Sentinel_Chassis.elf.dir/Core/Src/tim.c.obj
                0x000000000800cf38                HAL_TIM_Base_MspInit
 .text.HAL_TIM_MspPostInit
                0x000000000800cfd4      0x128 CMakeFiles/Sentinel_Chassis.elf.dir/Core/Src/tim.c.obj
                0x000000000800cfd4                HAL_TIM_MspPostInit
 .text.MX_TIM3_Init
                0x000000000800d0fc       0xac CMakeFiles/Sentinel_Chassis.elf.dir/Core/Src/tim.c.obj
                0x000000000800d0fc                MX_TIM3_Init
 .text.MX_TIM4_Init
                0x000000000800d1a8       0xac CMakeFiles/Sentinel_Chassis.elf.dir/Core/Src/tim.c.obj
                0x000000000800d1a8                MX_TIM4_Init
 .text.MX_TIM5_Init
                0x000000000800d254       0xd4 CMakeFiles/Sentinel_Chassis.elf.dir/Core/Src/tim.c.obj
                0x000000000800d254                MX_TIM5_Init
 .text.MX_TIM10_Init
                0x000000000800d328       0x74 CMakeFiles/Sentinel_Chassis.elf.dir/Core/Src/tim.c.obj
                0x000000000800d328                MX_TIM10_Init
 .text.MX_USART1_UART_Init
                0x000000000800d39c       0x34 CMakeFiles/Sentinel_Chassis.elf.dir/Core/Src/usart.c.obj
                0x000000000800d39c                MX_USART1_UART_Init
 .text.MX_USART3_UART_Init
                0x000000000800d3d0       0x3c CMakeFiles/Sentinel_Chassis.elf.dir/Core/Src/usart.c.obj
                0x000000000800d3d0                MX_USART3_UART_Init
 .text.MX_USART6_UART_Init
                0x000000000800d40c       0x34 CMakeFiles/Sentinel_Chassis.elf.dir/Core/Src/usart.c.obj
                0x000000000800d40c                MX_USART6_UART_Init
 .text.HAL_UART_MspInit
                0x000000000800d440      0x270 CMakeFiles/Sentinel_Chassis.elf.dir/Core/Src/usart.c.obj
                0x000000000800d440                HAL_UART_MspInit
 .text.Reset_Handler
                0x000000000800d6b0       0x50 CMakeFiles/Sentinel_Chassis.elf.dir/Core/Startup/startup_stm32f407ighx.s.obj
                0x000000000800d6b0                Reset_Handler
 .text.Default_Handler
                0x000000000800d700        0x2 CMakeFiles/Sentinel_Chassis.elf.dir/Core/Startup/startup_stm32f407ighx.s.obj
                0x000000000800d700                RTC_Alarm_IRQHandler
                0x000000000800d700                HASH_RNG_IRQHandler
                0x000000000800d700                EXTI2_IRQHandler
                0x000000000800d700                TIM8_CC_IRQHandler
                0x000000000800d700                TIM1_CC_IRQHandler
                0x000000000800d700                DMA2_Stream5_IRQHandler
                0x000000000800d700                DMA1_Stream5_IRQHandler
                0x000000000800d700                PVD_IRQHandler
                0x000000000800d700                SDIO_IRQHandler
                0x000000000800d700                TAMP_STAMP_IRQHandler
                0x000000000800d700                CAN2_RX1_IRQHandler
                0x000000000800d700                TIM8_TRG_COM_TIM14_IRQHandler
                0x000000000800d700                TIM1_UP_TIM10_IRQHandler
                0x000000000800d700                TIM8_UP_TIM13_IRQHandler
                0x000000000800d700                I2C3_ER_IRQHandler
                0x000000000800d700                I2C2_EV_IRQHandler
                0x000000000800d700                DMA1_Stream2_IRQHandler
                0x000000000800d700                FPU_IRQHandler
                0x000000000800d700                OTG_HS_WKUP_IRQHandler
                0x000000000800d700                CAN2_SCE_IRQHandler
                0x000000000800d700                SPI1_IRQHandler
                0x000000000800d700                TIM1_BRK_TIM9_IRQHandler
                0x000000000800d700                DCMI_IRQHandler
                0x000000000800d700                DMA2_Stream3_IRQHandler
                0x000000000800d700                USART6_IRQHandler
                0x000000000800d700                CAN1_RX1_IRQHandler
                0x000000000800d700                UART5_IRQHandler
                0x000000000800d700                DMA2_Stream0_IRQHandler
                0x000000000800d700                TIM4_IRQHandler
                0x000000000800d700                I2C1_EV_IRQHandler
                0x000000000800d700                DMA1_Stream6_IRQHandler
                0x000000000800d700                DMA1_Stream1_IRQHandler
                0x000000000800d700                UART4_IRQHandler
                0x000000000800d700                TIM3_IRQHandler
                0x000000000800d700                RCC_IRQHandler
                0x000000000800d700                TIM8_BRK_TIM12_IRQHandler
                0x000000000800d700                Default_Handler
                0x000000000800d700                EXTI15_10_IRQHandler
                0x000000000800d700                ADC_IRQHandler
                0x000000000800d700                DMA1_Stream7_IRQHandler
                0x000000000800d700                TIM7_IRQHandler
                0x000000000800d700                CAN2_TX_IRQHandler
                0x000000000800d700                TIM5_IRQHandler
                0x000000000800d700                I2C3_EV_IRQHandler
                0x000000000800d700                RTC_WKUP_IRQHandler
                0x000000000800d700                ETH_WKUP_IRQHandler
                0x000000000800d700                SPI2_IRQHandler
                0x000000000800d700                OTG_HS_EP1_IN_IRQHandler
                0x000000000800d700                DMA1_Stream0_IRQHandler
                0x000000000800d700                CAN1_TX_IRQHandler
                0x000000000800d700                FSMC_IRQHandler
                0x000000000800d700                ETH_IRQHandler
                0x000000000800d700                OTG_HS_EP1_OUT_IRQHandler
                0x000000000800d700                WWDG_IRQHandler
                0x000000000800d700                TIM2_IRQHandler
                0x000000000800d700                OTG_FS_WKUP_IRQHandler
                0x000000000800d700                TIM1_TRG_COM_TIM11_IRQHandler
                0x000000000800d700                OTG_HS_IRQHandler
                0x000000000800d700                EXTI1_IRQHandler
                0x000000000800d700                USART2_IRQHandler
                0x000000000800d700                I2C2_ER_IRQHandler
                0x000000000800d700                CAN1_SCE_IRQHandler
                0x000000000800d700                FLASH_IRQHandler
                0x000000000800d700                DMA2_Stream4_IRQHandler
                0x000000000800d700                USART1_IRQHandler
                0x000000000800d700                SPI3_IRQHandler
                0x000000000800d700                DMA1_Stream4_IRQHandler
                0x000000000800d700                I2C1_ER_IRQHandler
                0x000000000800d700                DMA1_Stream3_IRQHandler
 *fill*         0x000000000800d702        0x2 
 .text.HAL_Init
                0x000000000800d704       0x34 CMakeFiles/Sentinel_Chassis.elf.dir/Drivers/STM32F4xx_HAL_Driver/Src/stm32f4xx_hal.c.obj
                0x000000000800d704                HAL_Init
 .text.HAL_IncTick
                0x000000000800d738       0x18 CMakeFiles/Sentinel_Chassis.elf.dir/Drivers/STM32F4xx_HAL_Driver/Src/stm32f4xx_hal.c.obj
                0x000000000800d738                HAL_IncTick
 .text.HAL_GetTick
                0x000000000800d750        0xc CMakeFiles/Sentinel_Chassis.elf.dir/Drivers/STM32F4xx_HAL_Driver/Src/stm32f4xx_hal.c.obj
                0x000000000800d750                HAL_GetTick
 .text.HAL_Delay
                0x000000000800d75c       0x28 CMakeFiles/Sentinel_Chassis.elf.dir/Drivers/STM32F4xx_HAL_Driver/Src/stm32f4xx_hal.c.obj
                0x000000000800d75c                HAL_Delay
 .text.ADC_Init
                0x000000000800d784      0x134 CMakeFiles/Sentinel_Chassis.elf.dir/Drivers/STM32F4xx_HAL_Driver/Src/stm32f4xx_hal_adc.c.obj
 .text.HAL_ADC_Init
                0x000000000800d8b8       0x56 CMakeFiles/Sentinel_Chassis.elf.dir/Drivers/STM32F4xx_HAL_Driver/Src/stm32f4xx_hal_adc.c.obj
                0x000000000800d8b8                HAL_ADC_Init
 *fill*         0x000000000800d90e        0x2 
 .text.HAL_ADC_ConfigChannel
                0x000000000800d910      0x198 CMakeFiles/Sentinel_Chassis.elf.dir/Drivers/STM32F4xx_HAL_Driver/Src/stm32f4xx_hal_adc.c.obj
                0x000000000800d910                HAL_ADC_ConfigChannel
 .text.HAL_CAN_Init
                0x000000000800daa8      0x14c CMakeFiles/Sentinel_Chassis.elf.dir/Drivers/STM32F4xx_HAL_Driver/Src/stm32f4xx_hal_can.c.obj
                0x000000000800daa8                HAL_CAN_Init
 .text.HAL_CAN_ConfigFilter
                0x000000000800dbf4      0x138 CMakeFiles/Sentinel_Chassis.elf.dir/Drivers/STM32F4xx_HAL_Driver/Src/stm32f4xx_hal_can.c.obj
                0x000000000800dbf4                HAL_CAN_ConfigFilter
 .text.HAL_CAN_Start
                0x000000000800dd2c       0x5c CMakeFiles/Sentinel_Chassis.elf.dir/Drivers/STM32F4xx_HAL_Driver/Src/stm32f4xx_hal_can.c.obj
                0x000000000800dd2c                HAL_CAN_Start
 .text.HAL_CAN_AddTxMessage
                0x000000000800dd88       0xfc CMakeFiles/Sentinel_Chassis.elf.dir/Drivers/STM32F4xx_HAL_Driver/Src/stm32f4xx_hal_can.c.obj
                0x000000000800dd88                HAL_CAN_AddTxMessage
 .text.HAL_CAN_GetRxMessage
                0x000000000800de84      0x14a CMakeFiles/Sentinel_Chassis.elf.dir/Drivers/STM32F4xx_HAL_Driver/Src/stm32f4xx_hal_can.c.obj
                0x000000000800de84                HAL_CAN_GetRxMessage
 .text.HAL_CAN_ActivateNotification
                0x000000000800dfce       0x24 CMakeFiles/Sentinel_Chassis.elf.dir/Drivers/STM32F4xx_HAL_Driver/Src/stm32f4xx_hal_can.c.obj
                0x000000000800dfce                HAL_CAN_ActivateNotification
 .text.HAL_CAN_TxMailbox0CompleteCallback
                0x000000000800dff2        0x2 CMakeFiles/Sentinel_Chassis.elf.dir/Drivers/STM32F4xx_HAL_Driver/Src/stm32f4xx_hal_can.c.obj
                0x000000000800dff2                HAL_CAN_TxMailbox0CompleteCallback
 .text.HAL_CAN_TxMailbox1CompleteCallback
                0x000000000800dff4        0x2 CMakeFiles/Sentinel_Chassis.elf.dir/Drivers/STM32F4xx_HAL_Driver/Src/stm32f4xx_hal_can.c.obj
                0x000000000800dff4                HAL_CAN_TxMailbox1CompleteCallback
 .text.HAL_CAN_TxMailbox2CompleteCallback
                0x000000000800dff6        0x2 CMakeFiles/Sentinel_Chassis.elf.dir/Drivers/STM32F4xx_HAL_Driver/Src/stm32f4xx_hal_can.c.obj
                0x000000000800dff6                HAL_CAN_TxMailbox2CompleteCallback
 .text.HAL_CAN_TxMailbox0AbortCallback
                0x000000000800dff8        0x2 CMakeFiles/Sentinel_Chassis.elf.dir/Drivers/STM32F4xx_HAL_Driver/Src/stm32f4xx_hal_can.c.obj
                0x000000000800dff8                HAL_CAN_TxMailbox0AbortCallback
 .text.HAL_CAN_TxMailbox1AbortCallback
                0x000000000800dffa        0x2 CMakeFiles/Sentinel_Chassis.elf.dir/Drivers/STM32F4xx_HAL_Driver/Src/stm32f4xx_hal_can.c.obj
                0x000000000800dffa                HAL_CAN_TxMailbox1AbortCallback
 .text.HAL_CAN_TxMailbox2AbortCallback
                0x000000000800dffc        0x2 CMakeFiles/Sentinel_Chassis.elf.dir/Drivers/STM32F4xx_HAL_Driver/Src/stm32f4xx_hal_can.c.obj
                0x000000000800dffc                HAL_CAN_TxMailbox2AbortCallback
 .text.HAL_CAN_RxFifo0FullCallback
                0x000000000800dffe        0x2 CMakeFiles/Sentinel_Chassis.elf.dir/Drivers/STM32F4xx_HAL_Driver/Src/stm32f4xx_hal_can.c.obj
                0x000000000800dffe                HAL_CAN_RxFifo0FullCallback
 .text.HAL_CAN_RxFifo1MsgPendingCallback
                0x000000000800e000        0x2 CMakeFiles/Sentinel_Chassis.elf.dir/Drivers/STM32F4xx_HAL_Driver/Src/stm32f4xx_hal_can.c.obj
                0x000000000800e000                HAL_CAN_RxFifo1MsgPendingCallback
 .text.HAL_CAN_RxFifo1FullCallback
                0x000000000800e002        0x2 CMakeFiles/Sentinel_Chassis.elf.dir/Drivers/STM32F4xx_HAL_Driver/Src/stm32f4xx_hal_can.c.obj
                0x000000000800e002                HAL_CAN_RxFifo1FullCallback
 .text.HAL_CAN_SleepCallback
                0x000000000800e004        0x2 CMakeFiles/Sentinel_Chassis.elf.dir/Drivers/STM32F4xx_HAL_Driver/Src/stm32f4xx_hal_can.c.obj
                0x000000000800e004                HAL_CAN_SleepCallback
 .text.HAL_CAN_WakeUpFromRxMsgCallback
                0x000000000800e006        0x2 CMakeFiles/Sentinel_Chassis.elf.dir/Drivers/STM32F4xx_HAL_Driver/Src/stm32f4xx_hal_can.c.obj
                0x000000000800e006                HAL_CAN_WakeUpFromRxMsgCallback
 .text.HAL_CAN_ErrorCallback
                0x000000000800e008        0x2 CMakeFiles/Sentinel_Chassis.elf.dir/Drivers/STM32F4xx_HAL_Driver/Src/stm32f4xx_hal_can.c.obj
                0x000000000800e008                HAL_CAN_ErrorCallback
 .text.HAL_CAN_IRQHandler
                0x000000000800e00a      0x24a CMakeFiles/Sentinel_Chassis.elf.dir/Drivers/STM32F4xx_HAL_Driver/Src/stm32f4xx_hal_can.c.obj
                0x000000000800e00a                HAL_CAN_IRQHandler
 .text.HAL_NVIC_SetPriorityGrouping
                0x000000000800e254       0x24 CMakeFiles/Sentinel_Chassis.elf.dir/Drivers/STM32F4xx_HAL_Driver/Src/stm32f4xx_hal_cortex.c.obj
                0x000000000800e254                HAL_NVIC_SetPriorityGrouping
 .text.HAL_NVIC_SetPriority
                0x000000000800e278       0x70 CMakeFiles/Sentinel_Chassis.elf.dir/Drivers/STM32F4xx_HAL_Driver/Src/stm32f4xx_hal_cortex.c.obj
                0x000000000800e278                HAL_NVIC_SetPriority
 .text.HAL_NVIC_EnableIRQ
                0x000000000800e2e8       0x1c CMakeFiles/Sentinel_Chassis.elf.dir/Drivers/STM32F4xx_HAL_Driver/Src/stm32f4xx_hal_cortex.c.obj
                0x000000000800e2e8                HAL_NVIC_EnableIRQ
 .text.HAL_CRC_Init
                0x000000000800e304       0x1e CMakeFiles/Sentinel_Chassis.elf.dir/Drivers/STM32F4xx_HAL_Driver/Src/stm32f4xx_hal_crc.c.obj
                0x000000000800e304                HAL_CRC_Init
 *fill*         0x000000000800e322        0x2 
 .text.DMA_CalcBaseAndBitshift
                0x000000000800e324       0x44 CMakeFiles/Sentinel_Chassis.elf.dir/Drivers/STM32F4xx_HAL_Driver/Src/stm32f4xx_hal_dma.c.obj
 .text.DMA_CheckFifoParam
                0x000000000800e368       0x8e CMakeFiles/Sentinel_Chassis.elf.dir/Drivers/STM32F4xx_HAL_Driver/Src/stm32f4xx_hal_dma.c.obj
 *fill*         0x000000000800e3f6        0x2 
 .text.HAL_DMA_Init
                0x000000000800e3f8       0xcc CMakeFiles/Sentinel_Chassis.elf.dir/Drivers/STM32F4xx_HAL_Driver/Src/stm32f4xx_hal_dma.c.obj
                0x000000000800e3f8                HAL_DMA_Init
 .text.HAL_DMA_IRQHandler
                0x000000000800e4c4      0x1dc CMakeFiles/Sentinel_Chassis.elf.dir/Drivers/STM32F4xx_HAL_Driver/Src/stm32f4xx_hal_dma.c.obj
                0x000000000800e4c4                HAL_DMA_IRQHandler
 .text.HAL_GPIO_Init
                0x000000000800e6a0      0x1e4 CMakeFiles/Sentinel_Chassis.elf.dir/Drivers/STM32F4xx_HAL_Driver/Src/stm32f4xx_hal_gpio.c.obj
                0x000000000800e6a0                HAL_GPIO_Init
 .text.HAL_GPIO_WritePin
                0x000000000800e884        0xc CMakeFiles/Sentinel_Chassis.elf.dir/Drivers/STM32F4xx_HAL_Driver/Src/stm32f4xx_hal_gpio.c.obj
                0x000000000800e884                HAL_GPIO_WritePin
 .text.HAL_GPIO_EXTI_IRQHandler
                0x000000000800e890       0x1c CMakeFiles/Sentinel_Chassis.elf.dir/Drivers/STM32F4xx_HAL_Driver/Src/stm32f4xx_hal_gpio.c.obj
                0x000000000800e890                HAL_GPIO_EXTI_IRQHandler
 .text.I2C_IsAcknowledgeFailed
                0x000000000800e8ac       0x32 CMakeFiles/Sentinel_Chassis.elf.dir/Drivers/STM32F4xx_HAL_Driver/Src/stm32f4xx_hal_i2c.c.obj
 .text.I2C_WaitOnFlagUntilTimeout
                0x000000000800e8de       0x7c CMakeFiles/Sentinel_Chassis.elf.dir/Drivers/STM32F4xx_HAL_Driver/Src/stm32f4xx_hal_i2c.c.obj
 .text.I2C_WaitOnMasterAddressFlagUntilTimeout
                0x000000000800e95a       0xaa CMakeFiles/Sentinel_Chassis.elf.dir/Drivers/STM32F4xx_HAL_Driver/Src/stm32f4xx_hal_i2c.c.obj
 .text.I2C_WaitOnTXEFlagUntilTimeout
                0x000000000800ea04       0x54 CMakeFiles/Sentinel_Chassis.elf.dir/Drivers/STM32F4xx_HAL_Driver/Src/stm32f4xx_hal_i2c.c.obj
 .text.I2C_RequestMemoryWrite
                0x000000000800ea58       0xd8 CMakeFiles/Sentinel_Chassis.elf.dir/Drivers/STM32F4xx_HAL_Driver/Src/stm32f4xx_hal_i2c.c.obj
 .text.I2C_RequestMemoryRead
                0x000000000800eb30      0x154 CMakeFiles/Sentinel_Chassis.elf.dir/Drivers/STM32F4xx_HAL_Driver/Src/stm32f4xx_hal_i2c.c.obj
 .text.I2C_WaitOnBTFFlagUntilTimeout
                0x000000000800ec84       0x54 CMakeFiles/Sentinel_Chassis.elf.dir/Drivers/STM32F4xx_HAL_Driver/Src/stm32f4xx_hal_i2c.c.obj
 .text.I2C_WaitOnRXNEFlagUntilTimeout
                0x000000000800ecd8       0x6a CMakeFiles/Sentinel_Chassis.elf.dir/Drivers/STM32F4xx_HAL_Driver/Src/stm32f4xx_hal_i2c.c.obj
 *fill*         0x000000000800ed42        0x2 
 .text.HAL_I2C_Init
                0x000000000800ed44      0x1bc CMakeFiles/Sentinel_Chassis.elf.dir/Drivers/STM32F4xx_HAL_Driver/Src/stm32f4xx_hal_i2c.c.obj
                0x000000000800ed44                HAL_I2C_Init
 .text.HAL_I2C_Mem_Write
                0x000000000800ef00      0x164 CMakeFiles/Sentinel_Chassis.elf.dir/Drivers/STM32F4xx_HAL_Driver/Src/stm32f4xx_hal_i2c.c.obj
                0x000000000800ef00                HAL_I2C_Mem_Write
 .text.HAL_I2C_Mem_Read
                0x000000000800f064      0x2e4 CMakeFiles/Sentinel_Chassis.elf.dir/Drivers/STM32F4xx_HAL_Driver/Src/stm32f4xx_hal_i2c.c.obj
                0x000000000800f064                HAL_I2C_Mem_Read
 .text.HAL_IWDG_Init
                0x000000000800f348       0x58 CMakeFiles/Sentinel_Chassis.elf.dir/Drivers/STM32F4xx_HAL_Driver/Src/stm32f4xx_hal_iwdg.c.obj
                0x000000000800f348                HAL_IWDG_Init
 .text.HAL_IWDG_Refresh
                0x000000000800f3a0        0xc CMakeFiles/Sentinel_Chassis.elf.dir/Drivers/STM32F4xx_HAL_Driver/Src/stm32f4xx_hal_iwdg.c.obj
                0x000000000800f3a0                HAL_IWDG_Refresh
 .text.PCD_WriteEmptyTxFifo
                0x000000000800f3ac       0xd0 CMakeFiles/Sentinel_Chassis.elf.dir/Drivers/STM32F4xx_HAL_Driver/Src/stm32f4xx_hal_pcd.c.obj
 .text.HAL_PCD_Init
                0x000000000800f47c      0x12e CMakeFiles/Sentinel_Chassis.elf.dir/Drivers/STM32F4xx_HAL_Driver/Src/stm32f4xx_hal_pcd.c.obj
                0x000000000800f47c                HAL_PCD_Init
 .text.HAL_PCD_Start
                0x000000000800f5aa       0x42 CMakeFiles/Sentinel_Chassis.elf.dir/Drivers/STM32F4xx_HAL_Driver/Src/stm32f4xx_hal_pcd.c.obj
                0x000000000800f5aa                HAL_PCD_Start
 .text.PCD_EP_OutXfrComplete_int
                0x000000000800f5ec      0x104 CMakeFiles/Sentinel_Chassis.elf.dir/Drivers/STM32F4xx_HAL_Driver/Src/stm32f4xx_hal_pcd.c.obj
 .text.PCD_EP_OutSetupPacket_int
                0x000000000800f6f0       0x50 CMakeFiles/Sentinel_Chassis.elf.dir/Drivers/STM32F4xx_HAL_Driver/Src/stm32f4xx_hal_pcd.c.obj
 .text.HAL_PCD_SetAddress
                0x000000000800f740       0x28 CMakeFiles/Sentinel_Chassis.elf.dir/Drivers/STM32F4xx_HAL_Driver/Src/stm32f4xx_hal_pcd.c.obj
                0x000000000800f740                HAL_PCD_SetAddress
 .text.HAL_PCD_EP_Open
                0x000000000800f768       0x8a CMakeFiles/Sentinel_Chassis.elf.dir/Drivers/STM32F4xx_HAL_Driver/Src/stm32f4xx_hal_pcd.c.obj
                0x000000000800f768                HAL_PCD_EP_Open
 .text.HAL_PCD_EP_Close
                0x000000000800f7f2       0x72 CMakeFiles/Sentinel_Chassis.elf.dir/Drivers/STM32F4xx_HAL_Driver/Src/stm32f4xx_hal_pcd.c.obj
                0x000000000800f7f2                HAL_PCD_EP_Close
 .text.HAL_PCD_EP_Receive
                0x000000000800f864       0x5e CMakeFiles/Sentinel_Chassis.elf.dir/Drivers/STM32F4xx_HAL_Driver/Src/stm32f4xx_hal_pcd.c.obj
                0x000000000800f864                HAL_PCD_EP_Receive
 .text.HAL_PCD_EP_GetRxCount
                0x000000000800f8c2       0x12 CMakeFiles/Sentinel_Chassis.elf.dir/Drivers/STM32F4xx_HAL_Driver/Src/stm32f4xx_hal_pcd.c.obj
                0x000000000800f8c2                HAL_PCD_EP_GetRxCount
 .text.HAL_PCD_EP_Transmit
                0x000000000800f8d4       0x5e CMakeFiles/Sentinel_Chassis.elf.dir/Drivers/STM32F4xx_HAL_Driver/Src/stm32f4xx_hal_pcd.c.obj
                0x000000000800f8d4                HAL_PCD_EP_Transmit
 .text.HAL_PCD_EP_SetStall
                0x000000000800f932       0x88 CMakeFiles/Sentinel_Chassis.elf.dir/Drivers/STM32F4xx_HAL_Driver/Src/stm32f4xx_hal_pcd.c.obj
                0x000000000800f932                HAL_PCD_EP_SetStall
 .text.HAL_PCD_EP_ClrStall
                0x000000000800f9ba       0x76 CMakeFiles/Sentinel_Chassis.elf.dir/Drivers/STM32F4xx_HAL_Driver/Src/stm32f4xx_hal_pcd.c.obj
                0x000000000800f9ba                HAL_PCD_EP_ClrStall
 .text.HAL_PCD_EP_Abort
                0x000000000800fa30       0x34 CMakeFiles/Sentinel_Chassis.elf.dir/Drivers/STM32F4xx_HAL_Driver/Src/stm32f4xx_hal_pcd.c.obj
                0x000000000800fa30                HAL_PCD_EP_Abort
 .text.HAL_PCD_IRQHandler
                0x000000000800fa64      0x5c4 CMakeFiles/Sentinel_Chassis.elf.dir/Drivers/STM32F4xx_HAL_Driver/Src/stm32f4xx_hal_pcd.c.obj
                0x000000000800fa64                HAL_PCD_IRQHandler
 .text.HAL_PCDEx_SetTxFiFo
                0x0000000008010028       0x4c CMakeFiles/Sentinel_Chassis.elf.dir/Drivers/STM32F4xx_HAL_Driver/Src/stm32f4xx_hal_pcd_ex.c.obj
                0x0000000008010028                HAL_PCDEx_SetTxFiFo
 .text.HAL_PCDEx_SetRxFiFo
                0x0000000008010074        0x8 CMakeFiles/Sentinel_Chassis.elf.dir/Drivers/STM32F4xx_HAL_Driver/Src/stm32f4xx_hal_pcd_ex.c.obj
                0x0000000008010074                HAL_PCDEx_SetRxFiFo
 .text.HAL_PCDEx_LPM_Callback
                0x000000000801007c        0x2 CMakeFiles/Sentinel_Chassis.elf.dir/Drivers/STM32F4xx_HAL_Driver/Src/stm32f4xx_hal_pcd_ex.c.obj
                0x000000000801007c                HAL_PCDEx_LPM_Callback
 *fill*         0x000000000801007e        0x2 
 .text.HAL_RCC_OscConfig
                0x0000000008010080      0x3f8 CMakeFiles/Sentinel_Chassis.elf.dir/Drivers/STM32F4xx_HAL_Driver/Src/stm32f4xx_hal_rcc.c.obj
                0x0000000008010080                HAL_RCC_OscConfig
 .text.HAL_RCC_GetSysClockFreq
                0x0000000008010478       0xa4 CMakeFiles/Sentinel_Chassis.elf.dir/Drivers/STM32F4xx_HAL_Driver/Src/stm32f4xx_hal_rcc.c.obj
                0x0000000008010478                HAL_RCC_GetSysClockFreq
 .text.HAL_RCC_ClockConfig
                0x000000000801051c      0x160 CMakeFiles/Sentinel_Chassis.elf.dir/Drivers/STM32F4xx_HAL_Driver/Src/stm32f4xx_hal_rcc.c.obj
                0x000000000801051c                HAL_RCC_ClockConfig
 .text.HAL_RCC_GetHCLKFreq
                0x000000000801067c        0xc CMakeFiles/Sentinel_Chassis.elf.dir/Drivers/STM32F4xx_HAL_Driver/Src/stm32f4xx_hal_rcc.c.obj
                0x000000000801067c                HAL_RCC_GetHCLKFreq
 .text.HAL_RCC_GetPCLK1Freq
                0x0000000008010688       0x20 CMakeFiles/Sentinel_Chassis.elf.dir/Drivers/STM32F4xx_HAL_Driver/Src/stm32f4xx_hal_rcc.c.obj
                0x0000000008010688                HAL_RCC_GetPCLK1Freq
 .text.HAL_RCC_GetPCLK2Freq
                0x00000000080106a8       0x20 CMakeFiles/Sentinel_Chassis.elf.dir/Drivers/STM32F4xx_HAL_Driver/Src/stm32f4xx_hal_rcc.c.obj
                0x00000000080106a8                HAL_RCC_GetPCLK2Freq
 .text.HAL_RCC_GetClockConfig
                0x00000000080106c8       0x3c CMakeFiles/Sentinel_Chassis.elf.dir/Drivers/STM32F4xx_HAL_Driver/Src/stm32f4xx_hal_rcc.c.obj
                0x00000000080106c8                HAL_RCC_GetClockConfig
 .text.HAL_RCCEx_PeriphCLKConfig
                0x0000000008010704      0x154 CMakeFiles/Sentinel_Chassis.elf.dir/Drivers/STM32F4xx_HAL_Driver/Src/stm32f4xx_hal_rcc_ex.c.obj
                0x0000000008010704                HAL_RCCEx_PeriphCLKConfig
 .text.HAL_RNG_Init
                0x0000000008010858       0x2e CMakeFiles/Sentinel_Chassis.elf.dir/Drivers/STM32F4xx_HAL_Driver/Src/stm32f4xx_hal_rng.c.obj
                0x0000000008010858                HAL_RNG_Init
 .text.HAL_RTC_WaitForSynchro
                0x0000000008010886       0x32 CMakeFiles/Sentinel_Chassis.elf.dir/Drivers/STM32F4xx_HAL_Driver/Src/stm32f4xx_hal_rtc.c.obj
                0x0000000008010886                HAL_RTC_WaitForSynchro
 .text.RTC_EnterInitMode
                0x00000000080108b8       0x46 CMakeFiles/Sentinel_Chassis.elf.dir/Drivers/STM32F4xx_HAL_Driver/Src/stm32f4xx_hal_rtc.c.obj
                0x00000000080108b8                RTC_EnterInitMode
 .text.RTC_ExitInitMode
                0x00000000080108fe       0x2a CMakeFiles/Sentinel_Chassis.elf.dir/Drivers/STM32F4xx_HAL_Driver/Src/stm32f4xx_hal_rtc.c.obj
                0x00000000080108fe                RTC_ExitInitMode
 .text.HAL_RTC_Init
                0x0000000008010928       0x8c CMakeFiles/Sentinel_Chassis.elf.dir/Drivers/STM32F4xx_HAL_Driver/Src/stm32f4xx_hal_rtc.c.obj
                0x0000000008010928                HAL_RTC_Init
 .text.SPI_WaitFlagStateUntilTimeout
                0x00000000080109b4       0xd4 CMakeFiles/Sentinel_Chassis.elf.dir/Drivers/STM32F4xx_HAL_Driver/Src/stm32f4xx_hal_spi.c.obj
 .text.SPI_EndRxTxTransaction
                0x0000000008010a88       0x68 CMakeFiles/Sentinel_Chassis.elf.dir/Drivers/STM32F4xx_HAL_Driver/Src/stm32f4xx_hal_spi.c.obj
 .text.HAL_SPI_Init
                0x0000000008010af0       0xbe CMakeFiles/Sentinel_Chassis.elf.dir/Drivers/STM32F4xx_HAL_Driver/Src/stm32f4xx_hal_spi.c.obj
                0x0000000008010af0                HAL_SPI_Init
 .text.HAL_SPI_TransmitReceive
                0x0000000008010bae      0x238 CMakeFiles/Sentinel_Chassis.elf.dir/Drivers/STM32F4xx_HAL_Driver/Src/stm32f4xx_hal_spi.c.obj
                0x0000000008010bae                HAL_SPI_TransmitReceive
 *fill*         0x0000000008010de6        0x2 
 .text.TIM_OC1_SetConfig
                0x0000000008010de8       0x68 CMakeFiles/Sentinel_Chassis.elf.dir/Drivers/STM32F4xx_HAL_Driver/Src/stm32f4xx_hal_tim.c.obj
 .text.TIM_OC3_SetConfig
                0x0000000008010e50       0x70 CMakeFiles/Sentinel_Chassis.elf.dir/Drivers/STM32F4xx_HAL_Driver/Src/stm32f4xx_hal_tim.c.obj
 .text.TIM_OC4_SetConfig
                0x0000000008010ec0       0x50 CMakeFiles/Sentinel_Chassis.elf.dir/Drivers/STM32F4xx_HAL_Driver/Src/stm32f4xx_hal_tim.c.obj
 .text.TIM_TI1_ConfigInputStage
                0x0000000008010f10       0x26 CMakeFiles/Sentinel_Chassis.elf.dir/Drivers/STM32F4xx_HAL_Driver/Src/stm32f4xx_hal_tim.c.obj
 .text.TIM_TI2_ConfigInputStage
                0x0000000008010f36       0x28 CMakeFiles/Sentinel_Chassis.elf.dir/Drivers/STM32F4xx_HAL_Driver/Src/stm32f4xx_hal_tim.c.obj
 .text.TIM_ITRx_SetConfig
                0x0000000008010f5e       0x10 CMakeFiles/Sentinel_Chassis.elf.dir/Drivers/STM32F4xx_HAL_Driver/Src/stm32f4xx_hal_tim.c.obj
 *fill*         0x0000000008010f6e        0x2 
 .text.HAL_TIM_Base_Start_IT
                0x0000000008010f70       0x88 CMakeFiles/Sentinel_Chassis.elf.dir/Drivers/STM32F4xx_HAL_Driver/Src/stm32f4xx_hal_tim.c.obj
                0x0000000008010f70                HAL_TIM_Base_Start_IT
 .text.HAL_TIM_PWM_MspInit
                0x0000000008010ff8        0x2 CMakeFiles/Sentinel_Chassis.elf.dir/Drivers/STM32F4xx_HAL_Driver/Src/stm32f4xx_hal_tim.c.obj
                0x0000000008010ff8                HAL_TIM_PWM_MspInit
 .text.HAL_TIM_OC_DelayElapsedCallback
                0x0000000008010ffa        0x2 CMakeFiles/Sentinel_Chassis.elf.dir/Drivers/STM32F4xx_HAL_Driver/Src/stm32f4xx_hal_tim.c.obj
                0x0000000008010ffa                HAL_TIM_OC_DelayElapsedCallback
 .text.HAL_TIM_IC_CaptureCallback
                0x0000000008010ffc        0x2 CMakeFiles/Sentinel_Chassis.elf.dir/Drivers/STM32F4xx_HAL_Driver/Src/stm32f4xx_hal_tim.c.obj
                0x0000000008010ffc                HAL_TIM_IC_CaptureCallback
 .text.HAL_TIM_PWM_PulseFinishedCallback
                0x0000000008010ffe        0x2 CMakeFiles/Sentinel_Chassis.elf.dir/Drivers/STM32F4xx_HAL_Driver/Src/stm32f4xx_hal_tim.c.obj
                0x0000000008010ffe                HAL_TIM_PWM_PulseFinishedCallback
 .text.HAL_TIM_TriggerCallback
                0x0000000008011000        0x2 CMakeFiles/Sentinel_Chassis.elf.dir/Drivers/STM32F4xx_HAL_Driver/Src/stm32f4xx_hal_tim.c.obj
                0x0000000008011000                HAL_TIM_TriggerCallback
 .text.HAL_TIM_IRQHandler
                0x0000000008011002      0x17a CMakeFiles/Sentinel_Chassis.elf.dir/Drivers/STM32F4xx_HAL_Driver/Src/stm32f4xx_hal_tim.c.obj
                0x0000000008011002                HAL_TIM_IRQHandler
 .text.TIM_Base_SetConfig
                0x000000000801117c       0xc8 CMakeFiles/Sentinel_Chassis.elf.dir/Drivers/STM32F4xx_HAL_Driver/Src/stm32f4xx_hal_tim.c.obj
                0x000000000801117c                TIM_Base_SetConfig
 .text.HAL_TIM_Base_Init
                0x0000000008011244       0x58 CMakeFiles/Sentinel_Chassis.elf.dir/Drivers/STM32F4xx_HAL_Driver/Src/stm32f4xx_hal_tim.c.obj
                0x0000000008011244                HAL_TIM_Base_Init
 .text.HAL_TIM_PWM_Init
                0x000000000801129c       0x58 CMakeFiles/Sentinel_Chassis.elf.dir/Drivers/STM32F4xx_HAL_Driver/Src/stm32f4xx_hal_tim.c.obj
                0x000000000801129c                HAL_TIM_PWM_Init
 .text.HAL_TIM_Encoder_Init
                0x00000000080112f4       0xb6 CMakeFiles/Sentinel_Chassis.elf.dir/Drivers/STM32F4xx_HAL_Driver/Src/stm32f4xx_hal_tim.c.obj
                0x00000000080112f4                HAL_TIM_Encoder_Init
 *fill*         0x00000000080113aa        0x2 
 .text.TIM_OC2_SetConfig
                0x00000000080113ac       0x70 CMakeFiles/Sentinel_Chassis.elf.dir/Drivers/STM32F4xx_HAL_Driver/Src/stm32f4xx_hal_tim.c.obj
                0x00000000080113ac                TIM_OC2_SetConfig
 .text.HAL_TIM_PWM_ConfigChannel
                0x000000000801141c       0xdc CMakeFiles/Sentinel_Chassis.elf.dir/Drivers/STM32F4xx_HAL_Driver/Src/stm32f4xx_hal_tim.c.obj
                0x000000000801141c                HAL_TIM_PWM_ConfigChannel
 .text.TIM_ETR_SetConfig
                0x00000000080114f8       0x1a CMakeFiles/Sentinel_Chassis.elf.dir/Drivers/STM32F4xx_HAL_Driver/Src/stm32f4xx_hal_tim.c.obj
                0x00000000080114f8                TIM_ETR_SetConfig
 .text.HAL_TIM_ConfigClockSource
                0x0000000008011512       0xfe CMakeFiles/Sentinel_Chassis.elf.dir/Drivers/STM32F4xx_HAL_Driver/Src/stm32f4xx_hal_tim.c.obj
                0x0000000008011512                HAL_TIM_ConfigClockSource
 .text.TIM_CCxChannelCmd
                0x0000000008011610       0x1e CMakeFiles/Sentinel_Chassis.elf.dir/Drivers/STM32F4xx_HAL_Driver/Src/stm32f4xx_hal_tim.c.obj
                0x0000000008011610                TIM_CCxChannelCmd
 *fill*         0x000000000801162e        0x2 
 .text.HAL_TIM_PWM_Start
                0x0000000008011630      0x104 CMakeFiles/Sentinel_Chassis.elf.dir/Drivers/STM32F4xx_HAL_Driver/Src/stm32f4xx_hal_tim.c.obj
                0x0000000008011630                HAL_TIM_PWM_Start
 .text.HAL_TIMEx_MasterConfigSynchronization
                0x0000000008011734       0x8c CMakeFiles/Sentinel_Chassis.elf.dir/Drivers/STM32F4xx_HAL_Driver/Src/stm32f4xx_hal_tim_ex.c.obj
                0x0000000008011734                HAL_TIMEx_MasterConfigSynchronization
 .text.HAL_TIMEx_CommutCallback
                0x00000000080117c0        0x2 CMakeFiles/Sentinel_Chassis.elf.dir/Drivers/STM32F4xx_HAL_Driver/Src/stm32f4xx_hal_tim_ex.c.obj
                0x00000000080117c0                HAL_TIMEx_CommutCallback
 .text.HAL_TIMEx_BreakCallback
                0x00000000080117c2        0x2 CMakeFiles/Sentinel_Chassis.elf.dir/Drivers/STM32F4xx_HAL_Driver/Src/stm32f4xx_hal_tim_ex.c.obj
                0x00000000080117c2                HAL_TIMEx_BreakCallback
 .text.UART_SetConfig
                0x00000000080117c4      0x110 CMakeFiles/Sentinel_Chassis.elf.dir/Drivers/STM32F4xx_HAL_Driver/Src/stm32f4xx_hal_uart.c.obj
 .text.HAL_UART_Init
                0x00000000080118d4       0x5e CMakeFiles/Sentinel_Chassis.elf.dir/Drivers/STM32F4xx_HAL_Driver/Src/stm32f4xx_hal_uart.c.obj
                0x00000000080118d4                HAL_UART_Init
 *fill*         0x0000000008011932        0x2 
 .text.USB_CoreReset
                0x0000000008011934       0x50 CMakeFiles/Sentinel_Chassis.elf.dir/Drivers/STM32F4xx_HAL_Driver/Src/stm32f4xx_ll_usb.c.obj
 .text.USB_CoreInit
                0x0000000008011984       0x8a CMakeFiles/Sentinel_Chassis.elf.dir/Drivers/STM32F4xx_HAL_Driver/Src/stm32f4xx_ll_usb.c.obj
                0x0000000008011984                USB_CoreInit
 *fill*         0x0000000008011a0e        0x2 
 .text.USB_SetTurnaroundTime
                0x0000000008011a10       0xe4 CMakeFiles/Sentinel_Chassis.elf.dir/Drivers/STM32F4xx_HAL_Driver/Src/stm32f4xx_ll_usb.c.obj
                0x0000000008011a10                USB_SetTurnaroundTime
 .text.USB_EnableGlobalInt
                0x0000000008011af4        0xc CMakeFiles/Sentinel_Chassis.elf.dir/Drivers/STM32F4xx_HAL_Driver/Src/stm32f4xx_ll_usb.c.obj
                0x0000000008011af4                USB_EnableGlobalInt
 .text.USB_DisableGlobalInt
                0x0000000008011b00        0xc CMakeFiles/Sentinel_Chassis.elf.dir/Drivers/STM32F4xx_HAL_Driver/Src/stm32f4xx_ll_usb.c.obj
                0x0000000008011b00                USB_DisableGlobalInt
 .text.USB_FlushTxFifo
                0x0000000008011b0c       0x50 CMakeFiles/Sentinel_Chassis.elf.dir/Drivers/STM32F4xx_HAL_Driver/Src/stm32f4xx_ll_usb.c.obj
                0x0000000008011b0c                USB_FlushTxFifo
 .text.USB_FlushRxFifo
                0x0000000008011b5c       0x4c CMakeFiles/Sentinel_Chassis.elf.dir/Drivers/STM32F4xx_HAL_Driver/Src/stm32f4xx_ll_usb.c.obj
                0x0000000008011b5c                USB_FlushRxFifo
 .text.USB_SetDevSpeed
                0x0000000008011ba8        0xe CMakeFiles/Sentinel_Chassis.elf.dir/Drivers/STM32F4xx_HAL_Driver/Src/stm32f4xx_ll_usb.c.obj
                0x0000000008011ba8                USB_SetDevSpeed
 *fill*         0x0000000008011bb6        0x2 
 .text.USB_DevInit
                0x0000000008011bb8      0x190 CMakeFiles/Sentinel_Chassis.elf.dir/Drivers/STM32F4xx_HAL_Driver/Src/stm32f4xx_ll_usb.c.obj
                0x0000000008011bb8                USB_DevInit
 .text.USB_GetDevSpeed
                0x0000000008011d48       0x22 CMakeFiles/Sentinel_Chassis.elf.dir/Drivers/STM32F4xx_HAL_Driver/Src/stm32f4xx_ll_usb.c.obj
                0x0000000008011d48                USB_GetDevSpeed
 .text.USB_ActivateEndpoint
                0x0000000008011d6a       0x9c CMakeFiles/Sentinel_Chassis.elf.dir/Drivers/STM32F4xx_HAL_Driver/Src/stm32f4xx_ll_usb.c.obj
                0x0000000008011d6a                USB_ActivateEndpoint
 *fill*         0x0000000008011e06        0x2 
 .text.USB_DeactivateEndpoint
                0x0000000008011e08       0xe0 CMakeFiles/Sentinel_Chassis.elf.dir/Drivers/STM32F4xx_HAL_Driver/Src/stm32f4xx_ll_usb.c.obj
                0x0000000008011e08                USB_DeactivateEndpoint
 .text.USB_EP0StartXfer
                0x0000000008011ee8      0x124 CMakeFiles/Sentinel_Chassis.elf.dir/Drivers/STM32F4xx_HAL_Driver/Src/stm32f4xx_ll_usb.c.obj
                0x0000000008011ee8                USB_EP0StartXfer
 .text.USB_EPStopXfer
                0x000000000801200c       0xbe CMakeFiles/Sentinel_Chassis.elf.dir/Drivers/STM32F4xx_HAL_Driver/Src/stm32f4xx_ll_usb.c.obj
                0x000000000801200c                USB_EPStopXfer
 .text.USB_WritePacket
                0x00000000080120ca       0x2e CMakeFiles/Sentinel_Chassis.elf.dir/Drivers/STM32F4xx_HAL_Driver/Src/stm32f4xx_ll_usb.c.obj
                0x00000000080120ca                USB_WritePacket
 .text.USB_EPStartXfer